data/saved_data/run_2025_05_06_1854_new_production_level/firm_data.csv
Step,AgentID,FirmType,Profit,Inventory,ProductPrice,RevenuePerEmployee,ProductionLevel,NumEmployees,DemandReceived,InventoryDemandRatio,SellThroughRate,ProductionCapacity,Revenue,Costs,Markup,ProducedUnits,IncomeBracket,NumPeople,SpendRatio,PostTaxIncome,HouseholdExpense,HouseholdSavings,HealthLevel,Welfare,SkillLevel,SkillType,JobLevel,IsEmployed,Wage
4,2,necessity,-205455.89464869082,6376.299999999999,47.12392373159219,3243.079020853957,0.0,90.0,15927.0,,,6793.0,288634.03285600216,494089.927504693,0.35,0.0,,,,,,,,,,,,0,
11,2,necessity,-846824.6592034923,4919.0,1816.130842785399,3730.9644487656565,0.0,91.0,408.0,,,6793.0,343248.7292864404,1190073.3884899328,0.35,0.0,,,,,,,,,,,,0,
12,2,necessity,-175013.74097936507,4511.0,1816.130842785399,8142.6525698510195,0.0,92.0,392.0,,,6793.0,740981.3838564428,915995.1248358078,0.35,0.0,,,,,,,,,,,,0,
13,2,necessity,-479725.79668390215,4119.0,1816.130842785399,7738.2966344769175,0.0,91.0,489.0,,,6793.0,711923.2903718764,1191649.0870557786,0.35,0.0,,,,,,,,,,,,0,
14,2,necessity,-27907.142713747686,3630.0,1816.130842785399,9759.208594747914,0.0,92.0,171.0,,,6793.0,888087.9821220601,915995.1248358078,0.35,0.0,,,,,,,,,,,,0,
15,2,necessity,-897719.1252438424,3459.0,1816.130842785399,3375.6345012641655,0.0,91.0,569.0,,,6793.0,310558.3741163032,1208277.4993601455,0.35,0.0,,,,,,,,,,,,0,
16,2,necessity,117383.32470908412,2890.0,1816.130842785399,11355.807137855956,0.0,92.0,351.0,,,6793.0,1033378.449544892,915995.1248358078,0.35,0.0,,,,,,,,,,,,0,
17,2,necessity,-566045.5430467328,2539.0,1816.130842785399,6928.933976279077,0.0,91.0,187.0,,,6793.0,637461.9258176751,1203507.4688644079,0.35,0.0,,,,,,,,,,,,0,
18,2,necessity,-576378.6572349382,2352.0,1816.130842785399,3732.0490945150505,0.0,90.0,565.0,,,6793.0,339616.4676008696,915995.1248358078,0.35,0.0,,,,,,,,,,,,0,
19,2,necessity,408017.207122604,1787.0,1816.130842785399,11401.265846375005,0.0,91.0,440.0,,,6793.0,1026113.9261737504,618096.7190511464,0.35,0.0,,,,,,,,,,,,0,
20,2,necessity,-127367.63971496385,1347.0,1816.130842785399,8781.291987094237,0.0,90.0,283.0,,,6793.0,799097.5708255755,926465.2105405394,0.35,0.0,,,,,,,,,,,,0,
21,2,necessity,-104131.69054287852,1064.0,1816.130842785399,5710.7225389807545,0.0,89.0,739.0,,,6793.0,513965.0285082679,618096.7190511464,0.35,0.0,,,,,,,,,,,,0,
4,3,necessity,-175577.3481947757,7559.0,45.72331133434075,3056.4688823732254,0.0,86.0,6314.0,,,7360.0,259799.85500172415,435377.20319649985,0.35,0.0,,,,,,,,,,,,0,
13,3,necessity,58746.538102533785,3326.0,1032.1756415302775,7321.245829458945,0.0,87.0,636.0,,,7360.0,629627.1413334693,570880.6032309355,0.35,0.0,,,,,,,,,,,,0,
14,3,necessity,-171617.49900055327,2690.0,1032.1756415302775,7545.559862221339,0.0,88.0,749.0,,,7360.0,656463.7080132565,828081.2070138098,0.35,0.0,,,,,,,,,,,,0,
15,3,necessity,-304921.5928602308,1941.0,1032.1756415302775,8785.222221661112,0.0,89.0,695.0,,,7360.0,773099.5555061778,1078021.1483664087,0.35,0.0,,,,,,,,,,,,0,
16,3,necessity,-760847.7012130325,1246.0,1032.1756415302775,8060.247987230819,0.0,88.0,749.0,,,7360.0,717362.0708635428,1478209.7720765753,0.35,0.0,,,,,,,,,,,,0,
22,3,necessity,-616078.0394007339,520.0,15914.151673145681,2560.897970391259,0.0,88.0,87.0,,,7360.0,222798.12342403954,838876.1628247735,0.35,0.0,,,,,,,,,,,,0,
23,3,necessity,249404.0655407284,433.0,15914.151673145681,15733.309040496299,0.0,89.0,58.0,,,7360.0,1384531.1955636742,1135127.1300229458,0.35,0.0,,,,,,,,,,,,0,
24,3,necessity,-595707.5518111552,375.0,15914.151673145681,10371.020191488196,0.0,88.0,36.0,,,7360.0,923020.7970424495,1518728.3488536046,0.35,0.0,,,,,,,,,,,,0,
25,3,necessity,-562217.6697897012,339.0,15914.151673145681,6510.334775377779,0.0,87.0,44.0,,,7360.0,572909.4602332446,1135127.1300229458,0.35,0.0,,,,,,,,,,,,0,
26,3,necessity,-166908.89681069786,295.0,15914.151673145681,8048.536478372529,0.0,88.0,27.0,,,7360.0,700222.67361841,867131.5704291079,0.35,0.0,,,,,,,,,,,,0,
27,3,necessity,-687404.1026864196,268.0,15914.151673145681,4882.7510815333335,0.0,87.0,54.0,,,7360.0,429682.0951749334,1117086.197861353,0.35,0.0,,,,,,,,,,,,0,
28,3,necessity,-7767.38007924112,214.0,15914.151673145681,9877.749314366285,0.0,88.0,88.0,,,7360.0,859364.1903498668,867131.5704291079,0.35,0.0,,,,,,,,,,,,0,
29,3,necessity,292587.2349775885,126.0,15914.151673145681,15914.151673145681,0.0,89.0,118.0,,,7360.0,1400445.34723682,1107858.1122592315,0.35,0.0,,,,,,,,,,,,0,
36,3,necessity,-1272464.8230505616,61.0,370928.54666622286,0.0,0.0,88.0,0.0,,,7360.0,0.0,1272464.8230505616,0.35,0.0,,,,,,,,,,,,0,
37,3,necessity,-1031738.2812204382,61.0,370928.54666622286,0.0,0.0,89.0,0.0,,,7360.0,0.0,1031738.2812204382,0.35,0.0,,,,,,,,,,,,0,
38,3,necessity,-1265513.248242832,61.0,370928.54666622286,0.0,0.0,90.0,0.0,,,7360.0,0.0,1265513.248242832,0.35,0.0,,,,,,,,,,,,0,
39,3,necessity,-1643251.360767887,61.0,370928.54666622286,0.0,0.0,91.0,0.0,,,7360.0,0.0,1643251.360767887,0.35,0.0,,,,,,,,,,,,0,
40,3,necessity,-1906502.4598855001,61.0,370928.54666622286,0.0,0.0,92.0,0.0,,,7360.0,0.0,1906502.4598855001,0.35,0.0,,,,,,,,,,,,0,
41,3,necessity,-2089147.9816023298,61.0,370928.54666622286,0.0,0.0,93.0,0.0,,,7360.0,0.0,2089147.9816023298,0.35,0.0,,,,,,,,,,,,0,
4,4,necessity,-120059.47090563067,5428.4,44.1736804838895,3268.4356229730693,0.0,107.0,13724.0,,,7824.0,346454.17603514536,466513.64694077603,0.35,0.0,,,,,,,,,,,,0,
14,4,necessity,-317737.93992429343,8729.0,223.6344559661399,11277.275702219802,0.0,111.0,3870.0,,,7824.0,1240500.3272441782,1558238.2671684716,0.35,0.0,,,,,,,,,,,,0,
15,4,necessity,-881298.4324398302,4859.0,223.6344559661399,7796.98508638704,0.0,110.0,2967.0,,,7824.0,865465.3445889615,1746763.7770287916,0.35,0.0,,,,,,,,,,,,0,
20,4,necessity,804651.6171397965,1973.0,1981.206036689954,15611.16978910325,0.0,109.0,461.0,,,7824.0,1686006.337223151,881354.7200833545,0.35,0.0,,,,,,,,,,,,0,
21,4,necessity,-221055.83382105955,1512.0,1981.206036689954,8379.229201046503,0.0,108.0,576.0,,,7824.0,913335.9829140689,1134391.8167351284,0.35,0.0,,,,,,,,,,,,0,
24,4,necessity,-440802.03814815124,720.0,74470.68363785034,4137.260202102796,0.0,107.0,8.0,,,7824.0,446824.101827102,887626.1399752533,0.35,0.0,,,,,,,,,,,,0,
25,4,necessity,-14850.781199855963,712.0,74470.68363785034,5567.9015804000255,0.0,108.0,5.0,,,7824.0,595765.4691028027,610616.2503026586,0.35,0.0,,,,,,,,,,,,0,
26,4,necessity,-501350.33944029536,707.0,74470.68363785034,3447.7168350856637,0.0,107.0,3.0,,,7824.0,372353.4181892517,873703.757629547,0.35,0.0,,,,,,,,,,,,0,
27,4,necessity,-387204.19938910764,704.0,74470.68363785034,2087.9630926500095,0.0,106.0,13.0,,,7824.0,223412.050913551,610616.2503026586,0.35,0.0,,,,,,,,,,,,0,
28,4,necessity,546028.1468497156,691.0,74470.68363785034,9133.197049925042,0.0,107.0,12.0,,,7824.0,968118.8872920544,422090.7404423387,0.35,0.0,,,,,,,,,,,,0,
29,4,necessity,220743.56000012625,679.0,74470.68363785034,8351.852370600038,0.0,106.0,5.0,,,7824.0,893648.203654204,672904.6436540778,0.35,0.0,,,,,,,,,,,,0,
30,4,necessity,-49737.32225308701,674.0,74470.68363785034,3512.7680961250157,0.0,105.0,13.0,,,7824.0,372353.4181892517,422090.7404423387,0.35,0.0,,,,,,,,,,,,0,
31,4,necessity,744803.4629406397,661.0,74470.68363785034,9220.179878971947,0.0,106.0,10.0,,,7824.0,968118.8872920544,223315.42435141467,0.35,0.0,,,,,,,,,,,,0,
32,4,necessity,262023.99098401645,651.0,74470.68363785034,7025.5361922500315,0.0,105.0,12.0,,,7824.0,744706.8363785034,482682.8453944869,0.35,0.0,,,,,,,,,,,,0,
33,4,necessity,670332.7793027894,639.0,74470.68363785034,8510.93527289718,0.0,106.0,10.0,,,7824.0,893648.203654204,223315.42435141467,0.35,0.0,,,,,,,,,,,,0,
34,4,necessity,265901.2077406459,629.0,74470.68363785034,7025.5361922500315,0.0,105.0,12.0,,,7824.0,744706.8363785034,478805.62863785744,0.35,0.0,,,,,,,,,,,,0,
35,4,necessity,670332.7793027894,617.0,74470.68363785034,8510.93527289718,0.0,106.0,11.0,,,7824.0,893648.203654204,223315.42435141467,0.35,0.0,,,,,,,,,,,,0,
36,4,necessity,294669.8233345075,606.0,74470.68363785034,7728.089811475035,0.0,105.0,10.0,,,7824.0,819177.5200163537,524507.6966818462,0.35,0.0,,,,,,,,,,,,0,
37,4,necessity,521391.4120270887,596.0,74470.68363785034,7092.446060747651,0.0,104.0,10.0,,,7824.0,744706.8363785034,223315.42435141467,0.35,0.0,,,,,,,,,,,,0,
38,4,necessity,-6408517.163621496,586.0,74470.68363785034,7160.64265748561,0.0,105.0,11.0,,,7824.0,744706.8363785034,7153224.0,0.35,0.0,,,,,,,,,,,,0,
39,4,necessity,630786.5722444046,575.0,74470.68363785034,7801.6906668224165,0.0,106.0,8.0,,,7824.0,819177.5200163537,188390.94777194917,0.35,0.0,,,,,,,,,,,,0,
40,4,necessity,132888.72691116872,567.0,74470.68363785034,5620.428953800026,0.0,105.0,8.0,,,7824.0,595765.4691028027,462876.74219163397,0.35,0.0,,,,,,,,,,,,0,
41,4,necessity,407374.5213308535,559.0,74470.68363785034,5673.956848598121,0.0,106.0,7.0,,,7824.0,595765.4691028027,188390.94777194917,0.35,0.0,,,,,,,,,,,,0,
4,10,necessity,-5266.889847186336,2749.6000000000004,45.24710812421725,4245.2433798897955,0.0,103.0,8294.0,,,7776.0,433014.8247487591,438281.71459594544,0.35,0.0,,,,,,,,,,,,0,
11,10,necessity,-581462.536633072,6722.0,984.8167176583108,10722.537159550768,0.0,108.0,990.0,,,7776.0,1147311.4760719321,1728774.012705004,0.35,0.0,,,,,,,,,,,,0,
12,10,necessity,-993612.177612641,5732.0,984.8167176583108,9027.486578534516,0.0,107.0,931.0,,,7776.0,974968.5504817277,1968580.7280943687,0.35,0.0,,,,,,,,,,,,0,
13,10,necessity,-626445.9825958993,4801.0,984.8167176583108,8568.82583308306,0.0,106.0,292.0,,,7776.0,916864.3641398874,1543310.3467357866,0.35,0.0,,,,,,,,,,,,0,
14,10,necessity,-1015937.1497901953,4509.0,984.8167176583108,2712.8913354361016,0.0,105.0,963.0,,,7776.0,287566.4815562268,1303503.631346422,0.35,0.0,,,,,,,,,,,,0,
15,10,necessity,-76512.06713633041,3546.0,984.8167176583108,9032.176181951936,0.0,106.0,1237.0,,,7776.0,948378.4991049534,1024890.5662412838,0.35,0.0,,,,,,,,,,,,0,
16,10,necessity,-55059.85818889178,2309.0,984.8167176583108,11492.625280597458,0.0,107.0,372.0,,,7776.0,1218218.2797433306,1273278.1379322223,0.35,0.0,,,,,,,,,,,,0,
17,10,necessity,-1303035.8533756165,1937.0,984.8167176583108,3423.848775410202,0.0,106.0,896.0,,,7776.0,366351.81896889163,1669387.672344508,0.35,0.0,,,,,,,,,,,,0,
18,10,necessity,-390882.35891037586,1041.0,984.8167176583108,8324.488481338174,0.0,107.0,436.0,,,7776.0,882395.7790218465,1273278.1379322223,0.35,0.0,,,,,,,,,,,,0,
24,10,necessity,-994438.4140361508,431.0,24406.7301091907,6327.670769049441,0.0,107.0,31.0,,,7776.0,683388.4430573396,1677826.8570934904,0.35,0.0,,,,,,,,,,,,0,
25,10,necessity,-678821.5606877307,400.0,24406.7301091907,7071.108723223474,0.0,108.0,20.0,,,7776.0,756608.6333849117,1435430.1940726424,0.35,0.0,,,,,,,,,,,,0,
26,10,necessity,-1366253.1580816733,380.0,24406.7301091907,4519.764835035315,0.0,107.0,21.0,,,7776.0,488134.602183814,1854387.7602654872,0.35,0.0,,,,,,,,,,,,0,
27,10,necessity,-922888.8617796376,359.0,24406.7301091907,4790.105909280417,0.0,108.0,31.0,,,7776.0,512541.33229300467,1435430.1940726424,0.35,0.0,,,,,,,,,,,,0,
28,10,necessity,-1093067.8079323191,328.0,24406.7301091907,7005.635494304738,0.0,109.0,54.0,,,7776.0,756608.6333849117,1849676.441317231,0.35,0.0,,,,,,,,,,,,0,
29,10,necessity,-803723.4344312539,274.0,24406.7301091907,12091.407577030253,0.0,110.0,30.0,,,7776.0,1317963.4258962977,2121686.8603275516,0.35,0.0,,,,,,,,,,,,0,
30,10,necessity,-1549078.115198875,244.0,24406.7301091907,6656.380938870191,0.0,109.0,45.0,,,7776.0,732201.903275721,2281280.018474596,0.35,0.0,,,,,,,,,,,,0,
31,10,necessity,-768730.9163164261,199.0,24406.7301091907,10076.172980858544,0.0,110.0,48.0,,,7776.0,1098302.8549135814,1867033.7712300075,0.35,0.0,,,,,,,,,,,,0,
32,10,necessity,-1113766.8902205934,151.0,24406.7301091907,10650.209502192305,0.0,111.0,57.0,,,7776.0,1171523.0452411536,2285289.935461747,0.35,0.0,,,,,,,,,,,,0,
33,10,necessity,-1157093.1501523587,94.0,24406.7301091907,12533.185731746575,0.0,112.0,66.0,,,7776.0,1391183.6162238698,2548276.7663762285,0.35,0.0,,,,,,,,,,,,0,
37,10,necessity,-1183583.5132373765,45.0,79913.68487576404,10079.203497844113,0.0,112.0,14.0,,,7776.0,1118791.5882606965,2302375.101498073,0.35,0.0,,,,,,,,,,,,0,
38,10,necessity,-1585685.2363286733,31.0,79913.68487576404,9989.210609470505,0.0,111.0,14.0,,,7776.0,1118791.5882606965,2704476.82458937,0.35,0.0,,,,,,,,,,,,0,
4,13,necessity,-151023.43915617903,4902.4,60.46621047369526,2600.047050368896,0.0,112.0,10025.0,,,6204.0,288605.22259094747,439628.6617471265,0.35,0.0,,,,,,,,,,,,0,
11,13,necessity,-494665.5045587146,3479.0,2187.779435930238,4989.6723977356305,0.0,115.0,377.0,,,6204.0,568822.6533418619,1063488.1579005765,0.35,0.0,,,,,,,,,,,,0,
12,13,necessity,-617085.5171974598,3102.0,2187.779435930238,7172.111716049562,0.0,116.0,455.0,,,6204.0,824792.8473456997,1441878.3645431595,0.35,0.0,,,,,,,,,,,,0,
13,13,necessity,-642657.2144649085,2647.0,2187.779435930238,8581.376235760847,0.0,117.0,546.0,,,6204.0,995439.6433482582,1638096.8578131667,0.35,0.0,,,,,,,,,,,,0,
14,13,necessity,-669523.727891065,2101.0,2187.779435930238,10209.637367674444,0.0,118.0,260.0,,,6204.0,1194527.57201791,1864051.299908975,0.35,0.0,,,,,,,,,,,,0,
15,13,necessity,-1448653.950270109,1841.0,2187.779435930238,4820.530960524254,0.0,117.0,582.0,,,6204.0,568822.6533418619,2017476.603611971,0.35,0.0,,,,,,,,,,,,0,
16,13,necessity,-365798.7652579895,1259.0,2187.779435930238,10882.800271037593,0.0,118.0,368.0,,,6204.0,1273287.6317113985,1639086.396969388,0.35,0.0,,,,,,,,,,,,0,
17,13,necessity,-1202604.5849465006,891.0,2187.779435930238,6822.905359511251,0.0,117.0,351.0,,,6204.0,805102.8324223276,2007707.4173688283,0.35,0.0,,,,,,,,,,,,0,
18,13,necessity,-871175.8149578745,540.0,2187.779435930238,6563.338307790714,0.0,116.0,416.0,,,6204.0,767910.5820115135,1639086.396969388,0.35,0.0,,,,,,,,,,,,0,
24,13,necessity,-363716.60298770084,269.0,26849.787755916965,7004.292458065295,0.0,116.0,22.0,,,6204.0,805493.632677509,1169210.2356652098,0.35,0.0,,,,,,,,,,,,0,
25,13,necessity,-818278.2877289506,247.0,26849.787755916965,5092.201126122183,0.0,115.0,39.0,,,6204.0,590695.3306301732,1408973.6183591238,0.35,0.0,,,,,,,,,,,,0,
26,13,necessity,-122068.51318444824,208.0,26849.787755916965,9105.580195484883,0.0,116.0,62.0,,,6204.0,1047141.7224807616,1169210.2356652098,0.35,0.0,,,,,,,,,,,,0,
27,13,necessity,258250.06466525933,146.0,26849.787755916965,14350.748628162515,0.0,117.0,64.0,,,6204.0,1664686.8408668519,1406436.7762015925,0.35,0.0,,,,,,,,,,,,0,
28,13,necessity,-70595.01137111126,82.0,26849.787755916965,14687.063387852015,0.0,118.0,50.0,,,6204.0,1718386.4163786857,1788981.427749797,0.35,0.0,,,,,,,,,,,,0,
33,13,necessity,-1177628.0009121767,49.0,133573.117884627,2302.9847911142583,0.0,115.0,3.0,,,6204.0,267146.235769254,1444774.2366814306,0.35,0.0,,,,,,,,,,,,0,
34,13,necessity,-796413.4225956984,46.0,133573.117884627,3484.5161187294,0.0,116.0,6.0,,,6204.0,400719.353653881,1197132.7762495794,0.35,0.0,,,,,,,,,,,,0,
35,13,necessity,-655458.6330233968,40.0,133573.117884627,6908.954373342776,0.0,117.0,3.0,,,6204.0,801438.707307762,1456897.3403311588,0.35,0.0,,,,,,,,,,,,0,
36,13,necessity,-1438132.600018196,37.0,133573.117884627,3424.9517406314617,0.0,116.0,5.0,,,6204.0,400719.353653881,1838851.953672077,0.35,0.0,,,,,,,,,,,,0,
37,13,necessity,-789031.7509080239,32.0,133573.117884627,5757.461977785646,0.0,117.0,6.0,,,6204.0,667865.5894231349,1456897.3403311588,0.35,0.0,,,,,,,,,,,,0,
38,13,necessity,-1050786.1760515545,26.0,133573.117884627,6849.903481262923,0.0,118.0,5.0,,,6204.0,801438.707307762,1852224.8833593165,0.35,0.0,,,,,,,,,,,,0,
39,13,necessity,-1421830.81662459,21.0,133573.117884627,5659.877876467245,0.0,117.0,5.0,,,6204.0,667865.5894231349,2089696.406047725,0.35,0.0,,,,,,,,,,,,0,
40,13,necessity,-1026503.2735964323,16.0,133573.117884627,5708.252901052435,0.0,118.0,0.0,,,6204.0,667865.5894231349,1694368.8630195672,0.35,0.0,,,,,,,,,,,,0,
41,13,necessity,-2107515.366892337,16.0,133573.117884627,0.0,0.0,117.0,2.0,,,6204.0,0.0,2107515.366892337,0.35,0.0,,,,,,,,,,,,0,
