data/saved_data/run_2025_05_06_1854_new_production_level/firm_data.csv
Step,AgentID,FirmType,Profit,Inventory,ProductPrice,RevenuePerEmployee,ProductionLevel,NumEmployees,DemandReceived,InventoryDemandRatio,SellThroughRate,ProductionCapacity,Revenue,Costs,Markup,ProducedUnits,IncomeBracket,NumPeople,SpendRatio,PostTaxIncome,HouseholdExpense,HouseholdSavings,HealthLevel,Welfare,SkillLevel,SkillType,JobLevel,IsEmployed,Wage
4,42,luxury,-2100197.193516047,582.1,4760.095152342903,10277.478169831267,0.0,45.0,226.0,,,461.0,452209.03947257577,2552406.232988623,0.4,0.0,,,,,,,,,,,,0,
5,42,luxury,-2384738.2863037866,356.1,4760.095152342903,23906.255653988803,0.0,46.0,0.0,,,461.0,1075781.5044294961,3460519.7907332825,0.4,0.0,,,,,,,,,,,,0,
6,42,luxury,-4125200.5751638617,356.1,4760.095152342903,0.0,0.0,45.0,347.0,,,461.0,0.0,4125200.5751638617,0.4,0.0,,,,,,,,,,,,0,
11,42,luxury,-2031063.2928812455,163.0,298966.2690002058,13287.38973334248,0.0,46.0,2.0,,,461.0,597932.5380004116,2628995.830881657,0.32,0.0,,,,,,,,,,,,0,
12,42,luxury,-3743662.77142141,161.0,298966.2690002058,12998.533434791556,0.0,45.0,0.0,,,461.0,597932.5380004116,4341595.3094218215,0.32,0.0,,,,,,,,,,,,0,
13,42,luxury,-2628995.830881657,161.0,298966.2690002058,0.0,0.0,44.0,1.0,,,461.0,0.0,2628995.830881657,0.32,0.0,,,,,,,,,,,,0,
14,42,luxury,-1421916.004136792,160.0,298966.2690002058,6794.687931822859,0.0,45.0,0.0,,,461.0,298966.2690002058,1720882.2731369976,0.32,0.0,,,,,,,,,,,,0,
15,42,luxury,-2680189.1004533507,160.0,298966.2690002058,0.0,0.0,44.0,3.0,,,461.0,0.0,2680189.1004533507,0.32,0.0,,,,,,,,,,,,0,
16,42,luxury,-823983.4661363802,157.0,298966.2690002058,20384.063795468577,0.0,45.0,0.0,,,461.0,896898.8070006174,1720882.2731369976,0.32,0.0,,,,,,,,,,,,0,
17,42,luxury,-2704396.5204945663,157.0,298966.2690002058,0.0,0.0,44.0,3.0,,,461.0,0.0,2704396.5204945663,0.32,0.0,,,,,,,,,,,,0,
18,42,luxury,-823983.4661363802,154.0,298966.2690002058,20384.063795468577,0.0,45.0,2.0,,,461.0,896898.8070006174,1720882.2731369976,0.32,0.0,,,,,,,,,,,,0,
19,42,luxury,-2104158.284544221,152.0,298966.2690002058,13287.38973334248,0.0,44.0,2.0,,,461.0,597932.5380004116,2702090.822544633,0.32,0.0,,,,,,,,,,,,0,
20,42,luxury,-1122949.735136586,150.0,298966.2690002058,13589.375863645719,0.0,45.0,4.0,,,461.0,597932.5380004116,1720882.2731369976,0.32,0.0,,,,,,,,,,,,0,
21,42,luxury,-1541757.6973592234,146.0,298966.2690002058,26574.77946668496,0.0,46.0,1.0,,,461.0,1195865.0760008232,2737622.7733600466,0.32,0.0,,,,,,,,,,,,0,
22,42,luxury,-4164168.504359841,145.0,298966.2690002058,6499.266717395778,0.0,45.0,3.0,,,461.0,298966.2690002058,4463134.773360047,0.32,0.0,,,,,,,,,,,,0,
23,42,luxury,-1840723.966359429,142.0,298966.2690002058,19931.08460001372,0.0,46.0,6.0,,,461.0,896898.8070006174,2737622.7733600466,0.32,0.0,,,,,,,,,,,,0,
24,42,luxury,-2391571.583656039,136.0,298966.2690002058,38995.60030437467,0.0,47.0,2.0,,,461.0,1793797.6140012348,4185369.197657274,0.32,0.0,,,,,,,,,,,,0,
25,42,luxury,-4495408.609586603,134.0,298966.2690002058,12721.968893625779,0.0,46.0,7.0,,,461.0,597932.5380004116,5093341.147587014,0.32,0.0,,,,,,,,,,,,0,
26,42,luxury,-1552830.8402883466,127.0,298966.2690002058,45494.86702177045,0.0,47.0,6.0,,,461.0,2092763.8830014407,3645594.7232897873,0.32,0.0,,,,,,,,,,,,0,
27,42,luxury,-3442186.9789995924,121.0,298966.2690002058,38165.906680877335,0.0,46.0,0.0,,,461.0,1793797.6140012348,5235984.593000827,0.32,0.0,,,,,,,,,,,,0,
28,42,luxury,-3645594.7232897873,121.0,298966.2690002058,0.0,0.0,45.0,7.0,,,461.0,0.0,3645594.7232897873,0.32,0.0,,,,,,,,,,,,0,
29,42,luxury,-644858.8903586059,114.0,298966.2690002058,46505.86406669868,0.0,46.0,2.0,,,461.0,2092763.8830014407,2737622.7733600466,0.32,0.0,,,,,,,,,,,,0,
30,42,luxury,-3572572.3225194104,112.0,298966.2690002058,12998.533434791556,0.0,45.0,8.0,,,461.0,597932.5380004116,4170504.8605198218,0.32,0.0,,,,,,,,,,,,0,
31,42,luxury,-345892.6213584002,104.0,298966.2690002058,53149.55893336992,0.0,46.0,3.0,,,461.0,2391730.1520016463,2737622.7733600466,0.32,0.0,,,,,,,,,,,,0,
32,42,luxury,-3339439.1116243573,101.0,298966.2690002058,19497.800152187334,0.0,45.0,7.0,,,461.0,896898.8070006174,4236337.918624975,0.32,0.0,,,,,,,,,,,,0,
33,42,luxury,-644858.8903586059,94.0,298966.2690002058,46505.86406669868,0.0,46.0,9.0,,,461.0,2092763.8830014407,2737622.7733600466,0.32,0.0,,,,,,,,,,,,0,
34,42,luxury,-1439539.9320637006,85.0,298966.2690002058,58493.400456562,0.0,47.0,3.0,,,461.0,2690696.421001852,4130236.3530655527,0.32,0.0,,,,,,,,,,,,0,
35,42,luxury,-4118328.807927103,82.0,298966.2690002058,19082.953340438668,0.0,46.0,4.0,,,461.0,896898.8070006174,5015227.61492772,0.32,0.0,,,,,,,,,,,,0,
36,42,luxury,-2426748.9592213905,78.0,298966.2690002058,25997.066869583112,0.0,47.0,6.0,,,461.0,1195865.0760008232,3622614.0352222137,0.32,0.0,,,,,,,,,,,,0,
37,42,luxury,-3337043.7573284134,72.0,298966.2690002058,38165.906680877335,0.0,48.0,11.0,,,461.0,1793797.6140012348,5130841.371329648,0.32,0.0,,,,,,,,,,,,0,
38,42,luxury,-2728609.0383701306,61.0,298966.2690002058,68513.10331254716,0.0,49.0,14.0,,,461.0,3288628.959002264,6017237.997372394,0.32,0.0,,,,,,,,,,,,0,
39,42,luxury,-3315852.9804663537,47.0,298966.2690002058,85418.9340000588,0.0,50.0,10.0,,,461.0,4185527.7660028813,7501380.746469235,0.32,0.0,,,,,,,,,,,,0,
40,42,luxury,-5417646.784693925,37.0,298966.2690002058,59793.25380004115,0.0,49.0,5.0,,,461.0,2989662.6900020577,8407309.474695982,0.32,0.0,,,,,,,,,,,,0,
4,43,luxury,-1226494.4706824534,421.20000000000005,3661.764675121711,38340.83012774498,0.0,35.0,153.0,,,452.0,1303588.2243433292,2530082.6950257826,0.4,0.0,,,,,,,,,,,,0,
5,43,luxury,-2920653.440416418,268.20000000000005,3661.764675121711,16007.142722674907,0.0,34.0,222.0,,,452.0,560249.9952936218,3480903.43571004,0.4,0.0,,,,,,,,,,,,0,
11,43,luxury,-1827064.422938763,166.0,178992.7256166747,20456.311499048537,0.0,34.0,2.0,,,452.0,715970.9024666988,2543035.3254054617,0.24000000000000002,0.0,,,,,,,,,,,,0,
12,43,luxury,-1234229.1334878546,164.0,178992.7256166747,10528.983859804393,0.0,33.0,4.0,,,452.0,357985.4512333494,1592214.584721204,0.24000000000000002,0.0,,,,,,,,,,,,0,
13,43,luxury,75502.7623656824,160.0,178992.7256166747,21696.087953536327,0.0,34.0,4.0,,,452.0,715970.9024666988,640468.1401010164,0.24000000000000002,0.0,,,,,,,,,,,,0,
14,43,luxury,-885085.2481943646,156.0,178992.7256166747,21057.967719608787,0.0,33.0,3.0,,,452.0,715970.9024666988,1601056.1506610634,0.24000000000000002,0.0,,,,,,,,,,,,0,
15,43,luxury,-103489.96325099224,153.0,178992.7256166747,16272.065965152247,0.0,32.0,1.0,,,452.0,536978.1768500241,640468.1401010164,0.24000000000000002,0.0,,,,,,,,,,,,0,
16,43,luxury,-6944559.274383325,152.0,178992.7256166747,5593.522675521084,0.0,31.0,8.0,,,452.0,178992.7256166747,7123552.0,0.24000000000000002,0.0,,,,,,,,,,,,0,
17,43,luxury,-5468999.195066603,144.0,178992.7256166747,46191.67112688379,0.0,32.0,1.0,,,452.0,1431941.8049333976,6900941.0,0.24000000000000002,0.0,,,,,,,,,,,,0,
18,43,luxury,-781246.0800266049,143.0,178992.7256166747,5593.522675521084,0.0,31.0,3.0,,,452.0,178992.7256166747,960238.8056432796,0.24000000000000002,0.0,,,,,,,,,,,,0,
19,43,luxury,-6363962.823149975,140.0,178992.7256166747,17321.876672581424,0.0,32.0,4.0,,,452.0,536978.1768500241,6900941.0,0.24000000000000002,0.0,,,,,,,,,,,,0,
20,43,luxury,-290973.01634769724,136.0,178992.7256166747,22374.090702084337,0.0,33.0,3.0,,,452.0,715970.9024666988,1006943.918814396,0.24000000000000002,0.0,,,,,,,,,,,,0,
21,43,luxury,-2196462.3009928395,133.0,178992.7256166747,16272.065965152247,0.0,32.0,10.0,,,452.0,536978.1768500241,2733440.4778428636,0.24000000000000002,0.0,,,,,,,,,,,,0,
22,43,luxury,782983.3373523508,123.0,178992.7256166747,55935.22675521084,0.0,33.0,2.0,,,452.0,1789927.2561667468,1006943.918814396,0.24000000000000002,0.0,,,,,,,,,,,,0,
23,43,luxury,-2429846.4675810467,121.0,178992.7256166747,10848.043976768164,0.0,32.0,14.0,,,452.0,357985.4512333494,2787831.918814396,0.24000000000000002,0.0,,,,,,,,,,,,0,
24,43,luxury,1498954.2398190498,107.0,178992.7256166747,78309.31745729518,0.0,33.0,7.0,,,452.0,2505898.158633446,1006943.918814396,0.24000000000000002,0.0,,,,,,,,,,,,0,
25,43,luxury,-1310624.9667559576,100.0,178992.7256166747,37968.15391868857,0.0,32.0,13.0,,,452.0,1252949.079316723,2563574.0460726805,0.24000000000000002,0.0,,,,,,,,,,,,0,
26,43,luxury,1319961.514202375,87.0,178992.7256166747,72715.7947817741,0.0,33.0,9.0,,,452.0,2326905.433016771,1006943.918814396,0.24000000000000002,0.0,,,,,,,,,,,,0,
27,43,luxury,-940231.088626446,78.0,178992.7256166747,48816.19789545673,0.0,32.0,9.0,,,452.0,1610934.5305500722,2551165.619176518,0.24000000000000002,0.0,,,,,,,,,,,,0,
28,43,luxury,603990.6117356762,69.0,178992.7256166747,50341.704079689756,0.0,33.0,13.0,,,452.0,1610934.5305500722,1006943.918814396,0.24000000000000002,0.0,,,,,,,,,,,,0,
29,43,luxury,-180679.77605935046,56.0,178992.7256166747,70512.28584899307,0.0,34.0,11.0,,,452.0,2326905.433016771,2507585.2090761214,0.24000000000000002,0.0,,,,,,,,,,,,0,
30,43,luxury,-1467644.5339911063,45.0,178992.7256166747,57909.41122892417,0.0,33.0,9.0,,,452.0,1968919.9817834217,3436564.515774528,0.24000000000000002,0.0,,,,,,,,,,,,0,
31,43,luxury,-324988.69496273063,36.0,178992.7256166747,48816.19789545673,0.0,32.0,9.0,,,452.0,1610934.5305500722,1935923.2255128028,0.24000000000000002,0.0,,,,,,,,,,,,0,
32,43,luxury,603990.6117356762,27.0,178992.7256166747,50341.704079689756,0.0,33.0,16.0,,,452.0,1610934.5305500722,1006943.918814396,0.24000000000000002,0.0,,,,,,,,,,,,0,
33,43,luxury,362731.45948180417,11.0,178992.7256166747,86784.35181414531,0.0,34.0,13.0,,,452.0,2863883.609866795,2501152.150384991,0.24000000000000002,0.0,,,,,,,,,,,,0,
4,44,luxury,-1363043.9308866616,493.6,3365.9181828046285,23112.638188591784,0.0,29.0,548.0,,,426.0,693379.1456577535,2056423.076544415,0.4,0.0,,,,,,,,,,,,0,
9,44,luxury,-436806.2461713856,169.0,174388.77272067065,12026.81191177039,0.0,30.0,0.0,,,426.0,348777.5454413413,785583.7916127269,0.16000000000000003,0.0,,,,,,,,,,,,0,
10,44,luxury,-2058095.5594850623,169.0,174388.77272067065,0.0,0.0,29.0,2.0,,,426.0,0.0,2058095.5594850623,0.16000000000000003,0.0,,,,,,,,,,,,0,
11,44,luxury,-436806.2461713856,167.0,174388.77272067065,12026.81191177039,0.0,30.0,4.0,,,426.0,348777.5454413413,785583.7916127269,0.16000000000000003,0.0,,,,,,,,,,,,0,
12,44,luxury,-1388652.4724524799,163.0,174388.77272067065,23251.836362756087,0.0,31.0,4.0,,,426.0,697555.0908826826,2086207.5633351626,0.16000000000000003,0.0,,,,,,,,,,,,0,
13,44,luxury,-2286568.3016934427,159.0,174388.77272067065,22501.777125247827,0.0,30.0,2.0,,,426.0,697555.0908826826,2984123.3925761255,0.16000000000000003,0.0,,,,,,,,,,,,0,
14,44,luxury,-1334722.0754123481,157.0,174388.77272067065,11625.918181378043,0.0,29.0,8.0,,,426.0,348777.5454413413,1683499.6208536895,0.16000000000000003,0.0,,,,,,,,,,,,0,
15,44,luxury,497194.35252440255,149.0,174388.77272067065,48107.24764708156,0.0,30.0,4.0,,,426.0,1395110.1817653652,897915.8292409626,0.16000000000000003,0.0,,,,,,,,,,,,0,
16,44,luxury,-1623075.6166944816,145.0,174388.77272067065,23251.836362756087,0.0,29.0,2.0,,,426.0,697555.0908826826,2320630.7075771643,0.16000000000000003,0.0,,,,,,,,,,,,0,
17,44,luxury,-549138.2837996213,143.0,174388.77272067065,12026.81191177039,0.0,28.0,6.0,,,426.0,348777.5454413413,897915.8292409626,0.16000000000000003,0.0,,,,,,,,,,,,0,
18,44,luxury,-4090043.363675976,137.0,174388.77272067065,37369.02272585799,0.0,29.0,5.0,,,426.0,1046332.6363240238,5136376.0,0.16000000000000003,0.0,,,,,,,,,,,,0,
19,44,luxury,108455.56480849674,132.0,174388.77272067065,30067.029779425975,0.0,28.0,8.0,,,426.0,871943.8636033533,763488.2987948565,0.16000000000000003,0.0,,,,,,,,,,,,0,
20,44,luxury,-3741265.8182346346,124.0,174388.77272067065,49825.363634477326,0.0,29.0,1.0,,,426.0,1395110.1817653652,5136376.0,0.16000000000000003,0.0,,,,,,,,,,,,0,
21,44,luxury,-642341.0086487063,123.0,174388.77272067065,6013.405955885195,0.0,28.0,6.0,,,426.0,174388.77272067065,816729.7813693769,0.16000000000000003,0.0,,,,,,,,,,,,0,
22,44,luxury,-4090043.363675976,117.0,174388.77272067065,37369.02272585799,0.0,29.0,6.0,,,426.0,1046332.6363240238,5136376.0,0.16000000000000003,0.0,,,,,,,,,,,,0,
23,44,luxury,286526.1259422997,111.0,174388.77272067065,36080.43573531117,0.0,28.0,11.0,,,426.0,1046332.6363240238,759806.5103817241,0.16000000000000003,0.0,,,,,,,,,,,,0,
24,44,luxury,-3218099.5000726227,100.0,174388.77272067065,68509.87499740632,0.0,29.0,13.0,,,426.0,1918276.499927377,5136376.0,0.16000000000000003,0.0,,,,,,,,,,,,0,
25,44,luxury,1461743.2799636652,87.0,174388.77272067065,78174.27742650753,0.0,30.0,8.0,,,426.0,2267054.0453687184,805310.7654050533,0.16000000000000003,0.0,,,,,,,,,,,,0,
26,44,luxury,-866754.5736084154,79.0,174388.77272067065,46503.67272551217,0.0,29.0,16.0,,,426.0,1395110.1817653652,2261864.7553737806,0.16000000000000003,0.0,,,,,,,,,,,,0,
27,44,luxury,1984909.598125677,63.0,174388.77272067065,96214.49529416312,0.0,30.0,8.0,,,426.0,2790220.3635307304,805310.7654050533,0.16000000000000003,0.0,,,,,,,,,,,,0,
28,44,luxury,-643396.1273708243,55.0,174388.77272067065,46503.67272551217,0.0,29.0,6.0,,,426.0,1395110.1817653652,2038506.3091361895,0.16000000000000003,0.0,,,,,,,,,,,,0,
29,44,luxury,241021.87091897056,49.0,174388.77272067065,36080.43573531117,0.0,28.0,12.0,,,426.0,1046332.6363240238,805310.7654050533,0.16000000000000003,0.0,,,,,,,,,,,,0,
30,44,luxury,-3043710.7273519523,37.0,174388.77272067065,74738.04545171598,0.0,29.0,8.0,,,426.0,2092665.2726480477,5136376.0,0.16000000000000003,0.0,,,,,,,,,,,,0,
31,44,luxury,624624.0755505324,29.0,174388.77272067065,48107.24764708156,0.0,28.0,17.0,,,426.0,1395110.1817653652,770486.1062148327,0.16000000000000003,0.0,,,,,,,,,,,,0,
32,44,luxury,-2171766.863748599,12.0,174388.77272067065,105878.89772326432,0.0,29.0,4.0,,,426.0,2964609.136251401,5136376.0,0.16000000000000003,0.0,,,,,,,,,,,,0,
