data/saved_data/run_2025_05_06_1854_new_production_level/firm_data.csv
Step,AgentID,FirmType,Profit,Inventory,ProductPrice,RevenuePerEmployee,ProductionLevel,NumEmployees,DemandReceived,InventoryDemandRatio,SellThroughRate,ProductionCapacity,Revenue,Costs,Markup,ProducedUnits,IncomeBracket,NumPeople,SpendRatio,PostTaxIncome,HouseholdExpense,HouseholdSavings,HealthLevel,Welfare,SkillLevel,SkillType,JobLevel,IsEmployed,Wage
4,57,luxury,-264479.1111629063,27.30000000000001,8292.590773850883,82262.50047660076,0.0,26.0,262.0,,,183.0,2056562.511915019,2321041.6230779253,0.3500000000000001,0.0,,,,,,,,,,,,0,
11,57,luxury,-4422405.2936844425,116.0,340422.04414655763,0.0,0.0,27.0,1.0,,,183.0,0.0,4422405.2936844425,0.12000000000000004,0.0,,,,,,,,,,,,0,
12,57,luxury,-2573008.260037405,115.0,340422.04414655763,12608.223857279912,0.0,28.0,2.0,,,183.0,340422.04414655763,2913430.3041839628,0.12000000000000004,0.0,,,,,,,,,,,,0,
13,57,luxury,-3541726.05553111,113.0,340422.04414655763,24315.860296182687,0.0,29.0,0.0,,,183.0,680844.0882931153,4222570.143824225,0.12000000000000004,0.0,,,,,,,,,,,,0,
14,57,luxury,-5570001.38924842,113.0,340422.04414655763,0.0,0.0,28.0,5.0,,,183.0,0.0,5570001.38924842,0.12000000000000004,0.0,,,,,,,,,,,,0,
15,57,luxury,-2558751.328875369,108.0,340422.04414655763,60789.65074045672,0.0,29.0,4.0,,,183.0,1702110.220732788,4260861.549608157,0.12000000000000004,0.0,,,,,,,,,,,,0,
16,57,luxury,-4214857.797301361,104.0,340422.04414655763,46954.76470987002,0.0,28.0,1.0,,,183.0,1361688.1765862305,5576545.973887592,0.12000000000000004,0.0,,,,,,,,,,,,0,
17,57,luxury,-3920439.505461599,103.0,340422.04414655763,12157.930148091344,0.0,27.0,1.0,,,183.0,340422.04414655763,4260861.549608157,0.12000000000000004,0.0,,,,,,,,,,,,0,
18,57,luxury,-2573008.260037405,102.0,340422.04414655763,12608.223857279912,0.0,28.0,1.0,,,183.0,340422.04414655763,2913430.3041839628,0.12000000000000004,0.0,,,,,,,,,,,,0,
19,57,luxury,-3878171.310600121,101.0,340422.04414655763,12157.930148091344,0.0,27.0,1.0,,,183.0,340422.04414655763,4218593.354746679,0.12000000000000004,0.0,,,,,,,,,,,,0,
20,57,luxury,-2573008.260037405,100.0,340422.04414655763,12608.223857279912,0.0,28.0,3.0,,,183.0,340422.04414655763,2913430.3041839628,0.12000000000000004,0.0,,,,,,,,,,,,0,
21,57,luxury,-3193546.6211984996,97.0,340422.04414655763,36473.79044427403,0.0,29.0,3.0,,,183.0,1021266.132439673,4214812.7536381725,0.12000000000000004,0.0,,,,,,,,,,,,0,
22,57,luxury,-4557330.654087857,94.0,340422.04414655763,35216.073532402515,0.0,28.0,5.0,,,183.0,1021266.132439673,5578596.78652753,0.12000000000000004,0.0,,,,,,,,,,,,0,
23,57,luxury,-2575104.1163405324,89.0,340422.04414655763,60789.65074045672,0.0,29.0,4.0,,,183.0,1702110.220732788,4277214.3370733205,0.12000000000000004,0.0,,,,,,,,,,,,0,
24,57,luxury,-4200547.5901503805,85.0,340422.04414655763,46954.76470987002,0.0,28.0,6.0,,,183.0,1361688.1765862305,5562235.766736611,0.12000000000000004,0.0,,,,,,,,,,,,0,
25,57,luxury,-2234682.0721939746,79.0,340422.04414655763,72947.58088854807,0.0,29.0,2.0,,,183.0,2042532.264879346,4277214.3370733205,0.12000000000000004,0.0,,,,,,,,,,,,0,
26,57,luxury,-4824667.976186268,77.0,340422.04414655763,23477.38235493501,0.0,28.0,3.0,,,183.0,680844.0882931153,5505512.064479384,0.12000000000000004,0.0,,,,,,,,,,,,0,
27,57,luxury,-3255948.2046336476,74.0,340422.04414655763,36473.79044427403,0.0,29.0,10.0,,,183.0,1021266.132439673,4277214.3370733205,0.12000000000000004,0.0,,,,,,,,,,,,0,
28,57,luxury,-2194838.749285155,64.0,340422.04414655763,117386.91177467504,0.0,30.0,7.0,,,183.0,3404220.441465576,5599059.190750731,0.12000000000000004,0.0,,,,,,,,,,,,0,
29,57,luxury,-4082678.9961683685,57.0,340422.04414655763,79431.81030086344,0.0,29.0,3.0,,,183.0,2382954.309025903,6465633.305194272,0.12000000000000004,0.0,,,,,,,,,,,,0,
30,57,luxury,-4122522.319077188,54.0,340422.04414655763,35216.073532402515,0.0,28.0,6.0,,,183.0,1021266.132439673,5143788.451516861,0.12000000000000004,0.0,,,,,,,,,,,,0,
31,57,luxury,-1737472.1537481574,48.0,340422.04414655763,72947.58088854807,0.0,29.0,12.0,,,183.0,2042532.264879346,3780004.4186275033,0.12000000000000004,0.0,,,,,,,,,,,,0,
32,57,luxury,-1017122.8437053319,36.0,340422.04414655763,140864.29412961006,0.0,30.0,7.0,,,183.0,4085064.529758692,5102187.373464024,0.12000000000000004,0.0,,,,,,,,,,,,0,
33,57,luxury,-3956317.6514222967,29.0,340422.04414655763,79431.81030086344,0.0,29.0,7.0,,,183.0,2382954.309025903,6339271.9604482,0.12000000000000004,0.0,,,,,,,,,,,,0,
34,57,luxury,-2719233.0644381205,22.0,340422.04414655763,82170.83824227253,0.0,30.0,12.0,,,183.0,2382954.309025903,5102187.373464024,0.12000000000000004,0.0,,,,,,,,,,,,0,
35,57,luxury,-2244517.371283436,10.0,340422.04414655763,136168.81765862307,0.0,31.0,9.0,,,183.0,4085064.529758692,6329581.901042128,0.12000000000000004,0.0,,,,,,,,,,,,0,
40,57,luxury,-4278040.436723619,12.0,1885498.4879906133,0.0,0.0,30.0,0.0,,,183.0,0.0,4278040.436723619,0.01,0.0,,,,,,,,,,,,0,
4,59,luxury,-1334582.5997608146,374.4,3808.277569736565,43795.1920519705,0.0,21.0,395.0,,,324.0,875903.84103941,2210486.4408002244,0.3500000000000001,0.0,,,,,,,,,,,,0,
11,59,luxury,-4147537.120255814,157.0,556534.8067164032,0.0,0.0,22.0,2.0,,,324.0,0.0,4147537.120255814,0.16500000000000006,0.0,,,,,,,,,,,,0,
12,59,luxury,-1752419.1416115593,155.0,556534.8067164032,50594.07333785484,0.0,23.0,0.0,,,324.0,1113069.6134328065,2865488.755044366,0.16500000000000006,0.0,,,,,,,,,,,,0,
13,59,luxury,-4313680.755044366,155.0,556534.8067164032,0.0,0.0,22.0,0.0,,,324.0,0.0,4313680.755044366,0.16500000000000006,0.0,,,,,,,,,,,,0,
14,59,luxury,-2865488.755044366,155.0,556534.8067164032,0.0,0.0,23.0,0.0,,,324.0,0.0,2865488.755044366,0.16500000000000006,0.0,,,,,,,,,,,,0,
15,59,luxury,-4123513.9800902316,155.0,556534.8067164032,0.0,0.0,24.0,0.0,,,324.0,0.0,4123513.9800902316,0.16500000000000006,0.0,,,,,,,,,,,,0,
16,59,luxury,-5408870.34667398,155.0,556534.8067164032,0.0,0.0,25.0,0.0,,,324.0,0.0,5408870.34667398,0.16500000000000006,0.0,,,,,,,,,,,,0,
17,59,luxury,-6222229.802354183,155.0,556534.8067164032,0.0,0.0,26.0,0.0,,,324.0,0.0,6222229.802354183,0.16500000000000006,0.0,,,,,,,,,,,,0,
18,59,luxury,-6787545.920390465,155.0,556534.8067164032,0.0,0.0,27.0,0.0,,,324.0,0.0,6787545.920390465,0.16500000000000006,0.0,,,,,,,,,,,,0,
19,59,luxury,-7561408.511347424,155.0,556534.8067164032,0.0,0.0,28.0,1.0,,,324.0,0.0,7561408.511347424,0.16500000000000006,0.0,,,,,,,,,,,,0,
20,59,luxury,-7864908.934054837,154.0,556534.8067164032,19876.2430970144,0.0,29.0,0.0,,,324.0,556534.8067164032,8421443.74077124,0.16500000000000006,0.0,,,,,,,,,,,,0,
21,59,luxury,-9667058.755966758,154.0,556534.8067164032,0.0,0.0,28.0,0.0,,,324.0,0.0,9667058.755966758,0.16500000000000006,0.0,,,,,,,,,,,,0,
22,59,luxury,-8421443.74077124,154.0,556534.8067164032,0.0,0.0,29.0,1.0,,,324.0,0.0,8421443.74077124,0.16500000000000006,0.0,,,,,,,,,,,,0,
23,59,luxury,-9106740.13025924,153.0,556534.8067164032,19190.855404013906,0.0,30.0,2.0,,,324.0,556534.8067164032,9663274.936975643,0.16500000000000006,0.0,,,,,,,,,,,,0,
24,59,luxury,-9292213.92464553,151.0,556534.8067164032,37102.32044776021,0.0,31.0,2.0,,,324.0,1113069.6134328065,10405283.538078336,0.16500000000000006,0.0,,,,,,,,,,,,0,
25,59,luxury,-9823181.09751189,149.0,556534.8067164032,35905.471401058276,0.0,30.0,2.0,,,324.0,1113069.6134328065,10936250.710944695,0.16500000000000006,0.0,,,,,,,,,,,,0,
26,59,luxury,-8581349.901307486,147.0,556534.8067164032,37102.32044776021,0.0,31.0,4.0,,,324.0,1113069.6134328065,9694419.514740292,0.16500000000000006,0.0,,,,,,,,,,,,0,
27,59,luxury,-8730844.606924325,143.0,556534.8067164032,71810.94280211655,0.0,32.0,3.0,,,324.0,2226139.226865613,10956983.833789939,0.16500000000000006,0.0,,,,,,,,,,,,0,
28,59,luxury,-10059710.252131268,140.0,556534.8067164032,52175.1381296628,0.0,31.0,2.0,,,324.0,1669604.4201492097,11729314.672280477,0.16500000000000006,0.0,,,,,,,,,,,,0,
29,59,luxury,-9358219.833801804,138.0,556534.8067164032,35905.471401058276,0.0,30.0,1.0,,,324.0,1113069.6134328065,10471289.44723461,0.16500000000000006,0.0,,,,,,,,,,,,0,
30,59,luxury,-8652190.321468562,137.0,556534.8067164032,18551.160223880106,0.0,29.0,0.0,,,324.0,556534.8067164032,9208725.128184965,0.16500000000000006,0.0,,,,,,,,,,,,0,
31,59,luxury,-7923368.761601215,137.0,556534.8067164032,0.0,0.0,28.0,1.0,,,324.0,0.0,7923368.761601215,0.16500000000000006,0.0,,,,,,,,,,,,0,
32,59,luxury,-6624825.353782119,136.0,556534.8067164032,19876.2430970144,0.0,29.0,5.0,,,324.0,556534.8067164032,7181360.160498522,0.16500000000000006,0.0,,,,,,,,,,,,0,
33,59,luxury,-5846878.126916506,131.0,556534.8067164032,95954.27702006951,0.0,30.0,1.0,,,324.0,2782674.033582016,8629552.160498522,0.16500000000000006,0.0,,,,,,,,,,,,0,
34,59,luxury,-9338846.141024455,130.0,556534.8067164032,18551.160223880106,0.0,29.0,4.0,,,324.0,556534.8067164032,9895380.947740858,0.16500000000000006,0.0,,,,,,,,,,,,0,
35,59,luxury,-6403412.933632909,126.0,556534.8067164032,76763.42161605562,0.0,30.0,8.0,,,324.0,2226139.226865613,8629552.160498522,0.16500000000000006,0.0,,,,,,,,,,,,0,
36,59,luxury,-5461371.446851555,118.0,556534.8067164032,148409.28179104085,0.0,31.0,2.0,,,324.0,4452278.453731226,9913649.900582781,0.16500000000000006,0.0,,,,,,,,,,,,0,
37,59,luxury,-10237935.03404599,116.0,556534.8067164032,35905.471401058276,0.0,30.0,5.0,,,324.0,1113069.6134328065,11351004.647478797,0.16500000000000006,0.0,,,,,,,,,,,,0,
38,59,luxury,-7284232.873812522,111.0,556534.8067164032,92755.80111940052,0.0,31.0,5.0,,,324.0,2782674.033582016,10066906.907394538,0.16500000000000006,0.0,,,,,,,,,,,,0,
39,59,luxury,-8504024.712522157,106.0,556534.8067164032,89763.67850264568,0.0,30.0,8.0,,,324.0,2782674.033582016,11286698.746104173,0.16500000000000006,0.0,,,,,,,,,,,,0,
40,59,luxury,-5614628.453663312,98.0,556534.8067164032,148409.28179104085,0.0,31.0,12.0,,,324.0,4452278.453731226,10066906.907394538,0.16500000000000006,0.0,,,,,,,,,,,,0,
4,61,luxury,-953794.2203927892,163.10000000000002,5904.562993113082,121535.58827491093,0.0,13.0,106.0,,,311.0,1458427.0592989312,2412221.2796917204,0.3500000000000001,0.0,,,,,,,,,,,,0,
9,61,luxury,-2165341.440491887,169.0,44080.17886421411,23735.48092688452,0.0,12.0,31.0,,,311.0,308561.2520494988,2473902.6925413855,0.19000000000000003,0.0,,,,,,,,,,,,0,
10,61,luxury,-208326.05925205234,138.0,44080.17886421411,113873.79539921979,0.0,13.0,55.0,,,311.0,1366485.5447906374,1574811.6040426898,0.19000000000000003,0.0,,,,,,,,,,,,0,
11,61,luxury,-640741.630765162,83.0,44080.17886421411,186493.06442552124,0.0,14.0,72.0,,,311.0,2424409.837531776,3065151.468296938,0.19000000000000003,0.0,,,,,,,,,,,,0,
17,61,luxury,-5101494.723548121,40.0,759168.0334904208,0.0,0.0,14.0,0.0,,,311.0,0.0,5101494.723548121,0.08500000000000002,0.0,,,,,,,,,,,,0,
18,61,luxury,-3385870.723548121,40.0,759168.0334904208,0.0,0.0,15.0,0.0,,,311.0,0.0,3385870.723548121,0.08500000000000002,0.0,,,,,,,,,,,,0,
19,61,luxury,-4904669.9880914455,40.0,759168.0334904208,0.0,0.0,16.0,0.0,,,311.0,0.0,4904669.9880914455,0.08500000000000002,0.0,,,,,,,,,,,,0,
20,61,luxury,-6387684.8304091515,40.0,759168.0334904208,0.0,0.0,17.0,0.0,,,311.0,0.0,6387684.8304091515,0.08500000000000002,0.0,,,,,,,,,,,,0,
21,61,luxury,-7325084.020138361,40.0,759168.0334904208,0.0,0.0,18.0,0.0,,,311.0,0.0,7325084.020138361,0.08500000000000002,0.0,,,,,,,,,,,,0,
22,61,luxury,-7920232.419856286,40.0,759168.0334904208,0.0,0.0,19.0,0.0,,,311.0,0.0,7920232.419856286,0.08500000000000002,0.0,,,,,,,,,,,,0,
23,61,luxury,-8799482.898989262,40.0,759168.0334904208,0.0,0.0,20.0,2.0,,,311.0,0.0,8799482.898989262,0.08500000000000002,0.0,,,,,,,,,,,,0,
24,61,luxury,-8212712.293710793,38.0,759168.0334904208,75916.80334904208,0.0,21.0,2.0,,,311.0,1518336.0669808416,9731048.360691635,0.08500000000000002,0.0,,,,,,,,,,,,0,
25,61,luxury,-9720152.58275694,36.0,759168.0334904208,72301.71747527817,0.0,20.0,2.0,,,311.0,1518336.0669808416,11238488.649737783,0.08500000000000002,0.0,,,,,,,,,,,,0,
26,61,luxury,-8237137.740439235,34.0,759168.0334904208,75916.80334904208,0.0,21.0,3.0,,,311.0,1518336.0669808416,9755473.807420077,0.08500000000000002,0.0,,,,,,,,,,,,0,
27,61,luxury,-8949125.053862058,31.0,759168.0334904208,108452.57621291725,0.0,22.0,3.0,,,311.0,2277504.1004712624,11226629.15433332,0.08500000000000002,0.0,,,,,,,,,,,,0,
28,61,luxury,-9916511.28067585,28.0,759168.0334904208,103522.91365778465,0.0,21.0,2.0,,,311.0,2277504.1004712624,12194015.381147113,0.08500000000000002,0.0,,,,,,,,,,,,0,
29,61,luxury,-9204523.96725303,26.0,759168.0334904208,72301.71747527817,0.0,20.0,0.0,,,311.0,1518336.0669808416,10722860.03423387,0.08500000000000002,0.0,,,,,,,,,,,,0,
30,61,luxury,-9215419.745187722,26.0,759168.0334904208,0.0,0.0,19.0,0.0,,,311.0,0.0,9215419.745187722,0.08500000000000002,0.0,,,,,,,,,,,,0,
31,61,luxury,-7696620.480644397,26.0,759168.0334904208,0.0,0.0,20.0,1.0,,,311.0,0.0,7696620.480644397,0.08500000000000002,0.0,,,,,,,,,,,,0,
32,61,luxury,-8460170.588853335,25.0,759168.0334904208,37958.40167452104,0.0,21.0,2.0,,,311.0,759168.0334904208,9219338.622343756,0.08500000000000002,0.0,,,,,,,,,,,,0,
33,61,luxury,-9147375.882474791,23.0,759168.0334904208,72301.71747527817,0.0,22.0,0.0,,,311.0,1518336.0669808416,10665711.949455634,0.08500000000000002,0.0,,,,,,,,,,,,0,
34,61,luxury,-12081741.479008118,23.0,759168.0334904208,0.0,0.0,21.0,2.0,,,311.0,0.0,12081741.479008118,0.08500000000000002,0.0,,,,,,,,,,,,0,
35,61,luxury,-9147375.882474791,21.0,759168.0334904208,72301.71747527817,0.0,22.0,0.0,,,311.0,1518336.0669808416,10665711.949455634,0.08500000000000002,0.0,,,,,,,,,,,,0,
36,61,luxury,-12246988.1328917,21.0,759168.0334904208,0.0,0.0,21.0,0.0,,,311.0,0.0,12246988.1328917,0.08500000000000002,0.0,,,,,,,,,,,,0,
37,61,luxury,-10800614.805779822,21.0,759168.0334904208,0.0,0.0,22.0,0.0,,,311.0,0.0,10800614.805779822,0.08500000000000002,0.0,,,,,,,,,,,,0,
38,61,luxury,-12270973.699276675,21.0,759168.0334904208,0.0,0.0,23.0,0.0,,,311.0,0.0,12270973.699276675,0.08500000000000002,0.0,,,,,,,,,,,,0,
39,61,luxury,-12817452.892990708,21.0,759168.0334904208,0.0,0.0,24.0,3.0,,,311.0,0.0,12817452.892990708,0.08500000000000002,0.0,,,,,,,,,,,,0,
40,61,luxury,-11416790.544936005,18.0,759168.0334904208,94896.0041863026,0.0,25.0,3.0,,,311.0,2277504.1004712624,13694294.645407267,0.08500000000000002,0.0,,,,,,,,,,,,0,
