data/saved_data/run_2025_05_06_1854_new_production_level/firm_data.csv
Step,AgentID,FirmType,Profit,Inventory,ProductPrice,RevenuePerEmployee,ProductionLevel,NumEmployees,DemandReceived,InventoryDemandRatio,SellThroughRate,ProductionCapacity,Revenue,Costs,Markup,ProducedUnits,IncomeBracket,NumPeople,SpendRatio,PostTaxIncome,HouseholdExpense,HouseholdSavings,HealthLevel,Welfare,SkillLevel,SkillType,JobLevel,IsEmployed,Wage
10,23,necessity,-109386.25142532599,0.0,139.6951461663867,7828.106906157835,1.0,45.0,14377.0,,,4537.0,360092.9176832604,469479.1691085864,0.35,4537.0,,,,,,,,,,,,0,
11,23,necessity,460364.43558718194,0.0,51.60542151587155,14084.375070153254,1.0,46.0,34049.0,,,4537.0,633796.8781568964,173432.44256971453,0.35,4537.0,,,,,,,,,,,,0,
12,23,necessity,-187330.27569470802,0.0,125.40808873177986,5089.865161250201,1.0,45.0,13723.0,,,4537.0,234133.79741750922,421464.07311221724,0.35,4537.0,,,,,,,,,,,,0,
13,23,necessity,395544.0560063707,0.0,51.60542151587155,12643.922190579671,1.0,46.0,38089.0,,,4537.0,568976.4985760852,173432.44256971453,0.35,4537.0,,,,,,,,,,,,0,
14,23,necessity,-229107.17970844454,0.0,137.83895062424477,5089.865161250201,1.0,45.0,14585.0,,,4537.0,234133.79741750922,463240.97712595377,0.35,4537.0,,,,,,,,,,,,0,
15,23,necessity,451942.876412484,0.0,51.60542151587155,13897.229310715522,1.0,46.0,24634.0,,,4537.0,625375.3189821985,173432.44256971453,0.35,4537.0,,,,,,,,,,,,0,
16,23,necessity,-194064.99089309972,0.0,127.4120264694534,5089.865161250201,1.0,45.0,10611.0,,,4537.0,234133.79741750922,428198.78831060894,0.35,4537.0,,,,,,,,,,,,0,
17,23,necessity,404635.92152219557,0.0,51.60542151587155,12845.96364648689,1.0,46.0,28546.0,,,4537.0,578068.3640919101,173432.44256971453,0.35,4537.0,,,,,,,,,,,,0,
18,23,necessity,-216873.4367329177,0.0,134.19875820341142,5089.865161250201,1.0,45.0,14023.0,,,4537.0,234133.79741750922,451007.2341504269,0.35,4537.0,,,,,,,,,,,,0,
19,23,necessity,435427.3233991631,0.0,51.60542151587155,13530.217021530612,1.0,46.0,23847.0,,,4537.0,608859.7659688776,173432.44256971453,0.35,4537.0,,,,,,,,,,,,0,
20,23,necessity,-181104.01140376183,0.0,123.55544231544202,5089.865161250201,1.0,45.0,12222.0,,,4537.0,234133.79741750922,415237.80882127106,0.35,4537.0,,,,,,,,,,,,0,
21,23,necessity,387138.5992154459,0.0,51.60542151587155,12457.134261892454,1.0,46.0,46363.0,,,4537.0,560571.0417851604,173432.44256971453,0.35,4537.0,,,,,,,,,,,,0,
22,23,necessity,-179348.33489200476,0.0,123.03303471342535,5089.865161250201,1.0,45.0,5864.0,,,4537.0,234133.79741750922,413482.132309514,0.35,4537.0,,,,,,,,,,,,0,
23,23,necessity,384768.4359250963,0.0,51.60542151587155,12404.463966551351,1.0,46.0,29966.0,,,4537.0,558200.8784948108,173432.44256971453,0.35,4537.0,,,,,,,,,,,,0,
24,23,necessity,-188475.54442764088,0.0,125.74886739369711,5089.865161250201,1.0,45.0,14717.0,,,4537.0,234133.79741750922,422609.3418451501,0.35,4537.0,,,,,,,,,,,,0,
25,23,necessity,397090.16879548924,0.0,51.60542151587155,12678.280252560084,1.0,46.0,45150.0,,,4537.0,570522.6113652037,173432.44256971453,0.35,4537.0,,,,,,,,,,,,0,
26,23,necessity,-171943.85914579922,0.0,120.82980741451104,5089.865161250201,1.0,45.0,12446.0,,,4537.0,234133.79741750922,406077.65656330844,0.35,4537.0,,,,,,,,,,,,0,
27,23,necessity,374772.393669922,0.0,51.60542151587155,12182.329694214144,1.0,46.0,36461.0,,,4537.0,548204.8362396365,173432.44256971453,0.35,4537.0,,,,,,,,,,,,0,
28,23,necessity,-178669.25194817726,0.0,122.83097124109452,5089.865161250201,1.0,45.0,17785.0,,,4537.0,234133.79741750922,412803.0493656865,0.35,4537.0,,,,,,,,,,,,0,
29,23,necessity,383851.6739511313,0.0,51.60542151587155,12384.091478241018,1.0,46.0,36744.0,,,4537.0,557284.1165208458,173432.44256971453,0.35,4537.0,,,,,,,,,,,,0,
30,23,necessity,-184201.86993234724,0.0,124.47722080622195,5089.865161250201,1.0,45.0,18184.0,,,4537.0,234133.79741750922,418335.66734985646,0.35,4537.0,,,,,,,,,,,,0,
31,23,necessity,391320.7082281145,0.0,51.60542151587155,12550.070017729535,1.0,46.0,40616.0,,,4537.0,564753.150797829,173432.44256971453,0.35,4537.0,,,,,,,,,,,,0,
32,23,necessity,-175153.74606169426,0.0,121.78492033836011,5089.865161250201,1.0,45.0,21154.0,,,4537.0,234133.79741750922,409287.5434792035,0.35,4537.0,,,,,,,,,,,,0,
33,23,necessity,379105.74100542534,0.0,51.60542151587155,12278.626301669774,1.0,46.0,23784.0,,,4537.0,552538.1835751398,173432.44256971453,0.35,4537.0,,,,,,,,,,,,0,
34,23,necessity,-174779.52588768656,0.0,121.67356983476763,5089.865161250201,1.0,45.0,12110.0,,,4537.0,234133.79741750922,408913.3233051958,0.35,4537.0,,,,,,,,,,,,0,
35,23,necessity,378600.5437706263,0.0,51.60542151587155,12267.399696452017,1.0,46.0,38627.0,,,4537.0,552032.9863403408,173432.44256971453,0.35,4537.0,,,,,,,,,,,,0,
36,23,necessity,-193541.89541476083,0.0,127.2563776055341,5089.865161250201,1.0,45.0,14773.0,,,4537.0,234133.79741750922,427675.69283227006,0.35,4537.0,,,,,,,,,,,,0,
37,23,necessity,403929.7426265937,0.0,51.60542151587155,12830.270782140182,1.0,46.0,41352.0,,,4537.0,577362.1851963082,173432.44256971453,0.35,4537.0,,,,,,,,,,,,0,
38,23,necessity,-213335.0083476587,0.0,133.1458866320985,5089.865161250201,1.0,45.0,8886.0,,,4537.0,234133.79741750922,447468.8057651679,0.35,4537.0,,,,,,,,,,,,0,
39,23,necessity,430650.4450801164,0.0,51.60542151587155,13424.064169996242,1.0,46.0,43565.0,,,4537.0,604082.8876498309,173432.44256971453,0.35,4537.0,,,,,,,,,,,,0,
40,23,necessity,-210468.82911572806,0.0,132.29304511518123,5089.865161250201,1.0,45.0,9599.0,,,4537.0,234133.79741750922,444602.6265332373,0.35,4537.0,,,,,,,,,,,,0,
41,23,necessity,426781.1031178627,0.0,51.60542151587155,13338.078793057271,1.0,46.0,48019.0,,,4537.0,600213.5456875772,173432.44256971453,0.35,4537.0,,,,,,,,,,,,0,
11,47,luxury,-1574736.691956993,155.0,89916.54041069155,104902.63047914015,0.0,11.0,15.0,,,320.0,1258831.5657496818,2833568.2577066747,0.03999999999999994,0.0,,,,,,,,,,,,0,
12,47,luxury,-552351.409228158,140.0,89916.54041069155,122613.46419639756,0.0,12.0,24.0,,,320.0,1348748.1061603732,1901099.5153885311,0.03999999999999994,0.0,,,,,,,,,,,,0,
13,47,luxury,-649324.4351518652,116.0,89916.54041069155,179833.08082138313,0.0,13.0,31.0,,,320.0,2157996.9698565975,2807321.4050084627,0.03999999999999994,0.0,,,,,,,,,,,,0,
14,47,luxury,-575236.6555908239,85.0,89916.54041069155,214416.36559472603,0.0,14.0,20.0,,,320.0,2787412.7527314383,3362649.408322262,0.03999999999999994,0.0,,,,,,,,,,,,0,
15,47,luxury,-2580613.7917800527,65.0,89916.54041069155,128452.20058670221,0.0,13.0,28.0,,,320.0,1798330.808213831,4378944.599993884,0.03999999999999994,0.0,,,,,,,,,,,,0,
16,47,luxury,-955059.578874588,37.0,89916.54041069155,193666.39473072026,0.0,14.0,32.0,,,320.0,2517663.1314993636,3472722.7103739516,0.03999999999999994,0.0,,,,,,,,,,,,0,
22,47,luxury,-3038949.313052573,22.0,1325774.8005487733,0.0,0.0,14.0,0.0,,,320.0,0.0,3038949.313052573,0.01,0.0,,,,,,,,,,,,0,
23,47,luxury,-4050487.8208390856,22.0,1325774.8005487733,0.0,0.0,15.0,0.0,,,320.0,0.0,4050487.8208390856,0.01,0.0,,,,,,,,,,,,0,
24,47,luxury,-4956378.311894465,22.0,1325774.8005487733,0.0,0.0,16.0,0.0,,,320.0,0.0,4956378.311894465,0.01,0.0,,,,,,,,,,,,0,
25,47,luxury,-5339457.956375318,22.0,1325774.8005487733,0.0,0.0,17.0,0.0,,,320.0,0.0,5339457.956375318,0.01,0.0,,,,,,,,,,,,0,
26,47,luxury,-6301541.694664341,22.0,1325774.8005487733,0.0,0.0,18.0,0.0,,,320.0,0.0,6301541.694664341,0.01,0.0,,,,,,,,,,,,0,
27,47,luxury,-6843733.255003921,22.0,1325774.8005487733,0.0,0.0,19.0,0.0,,,320.0,0.0,6843733.255003921,0.01,0.0,,,,,,,,,,,,0,
28,47,luxury,-7190279.3331219945,22.0,1325774.8005487733,0.0,0.0,20.0,0.0,,,320.0,0.0,7190279.3331219945,0.01,0.0,,,,,,,,,,,,0,
29,47,luxury,-7742415.808179186,22.0,1325774.8005487733,0.0,0.0,21.0,0.0,,,320.0,0.0,7742415.808179186,0.01,0.0,,,,,,,,,,,,0,
30,47,luxury,-8672126.26375979,22.0,1325774.8005487733,0.0,0.0,22.0,0.0,,,320.0,0.0,8672126.26375979,0.01,0.0,,,,,,,,,,,,0,
31,47,luxury,-9226125.701950582,22.0,1325774.8005487733,0.0,0.0,23.0,0.0,,,320.0,0.0,9226125.701950582,0.01,0.0,,,,,,,,,,,,0,
32,47,luxury,-9575406.03813078,22.0,1325774.8005487733,0.0,0.0,24.0,0.0,,,320.0,0.0,9575406.03813078,0.01,0.0,,,,,,,,,,,,0,
33,47,luxury,-10174299.040518662,22.0,1325774.8005487733,0.0,0.0,25.0,0.0,,,320.0,0.0,10174299.040518662,0.01,0.0,,,,,,,,,,,,0,
34,47,luxury,-11072652.716312742,22.0,1325774.8005487733,0.0,0.0,26.0,0.0,,,320.0,0.0,11072652.716312742,0.01,0.0,,,,,,,,,,,,0,
35,47,luxury,-11445033.18232179,22.0,1325774.8005487733,0.0,0.0,27.0,0.0,,,320.0,0.0,11445033.18232179,0.01,0.0,,,,,,,,,,,,0,
36,47,luxury,-12080020.9697067,22.0,1325774.8005487733,0.0,0.0,28.0,0.0,,,320.0,0.0,12080020.9697067,0.01,0.0,,,,,,,,,,,,0,
37,47,luxury,-12631524.866044877,22.0,1325774.8005487733,0.0,0.0,29.0,0.0,,,320.0,0.0,12631524.866044877,0.01,0.0,,,,,,,,,,,,0,
38,47,luxury,-13080230.262798676,22.0,1325774.8005487733,0.0,0.0,30.0,0.0,,,320.0,0.0,13080230.262798676,0.01,0.0,,,,,,,,,,,,0,
39,47,luxury,-13978067.204290653,22.0,1325774.8005487733,0.0,0.0,31.0,1.0,,,320.0,0.0,13978067.204290653,0.01,0.0,,,,,,,,,,,,0,
40,47,luxury,-13246819.35892145,21.0,1325774.8005487733,42766.929049960425,0.0,32.0,0.0,,,320.0,1325774.8005487733,14572594.159470223,0.01,0.0,,,,,,,,,,,,0,
11,58,luxury,-327443.619573785,123.0,53503.035119227796,127584.16066892781,0.0,14.0,37.0,,,242.0,1658594.0886960616,1986037.7082698466,0.14500000000000007,0.0,,,,,,,,,,,,0,
12,58,luxury,-1148783.8176106696,86.0,53503.035119227796,141400.87852938773,0.0,15.0,28.0,,,242.0,1979612.2994114284,3128396.117022098,0.14500000000000007,0.0,,,,,,,,,,,,0,
13,58,luxury,-2343797.1002015667,58.0,53503.035119227796,99872.33222255856,0.0,14.0,55.0,,,242.0,1498084.9833383784,3841882.083539945,0.14500000000000007,0.0,,,,,,,,,,,,0,
20,58,luxury,-3122713.704768534,30.0,2194726.37966319,0.0,0.0,13.0,0.0,,,242.0,0.0,3122713.704768534,0.1050000000000001,0.0,,,,,,,,,,,,0,
21,58,luxury,-1986037.7082698466,30.0,2194726.37966319,0.0,0.0,14.0,0.0,,,242.0,0.0,1986037.7082698466,0.1050000000000001,0.0,,,,,,,,,,,,0,
22,58,luxury,-3073373.5649172934,30.0,2194726.37966319,0.0,0.0,15.0,0.0,,,242.0,0.0,3073373.5649172934,0.1050000000000001,0.0,,,,,,,,,,,,0,
23,58,luxury,-3759743.2512171366,30.0,2194726.37966319,0.0,0.0,16.0,0.0,,,242.0,0.0,3759743.2512171366,0.1050000000000001,0.0,,,,,,,,,,,,0,
24,58,luxury,-4889683.802843576,30.0,2194726.37966319,0.0,0.0,17.0,0.0,,,242.0,0.0,4889683.802843576,0.1050000000000001,0.0,,,,,,,,,,,,0,
25,58,luxury,-5583348.463658378,30.0,2194726.37966319,0.0,0.0,18.0,0.0,,,242.0,0.0,5583348.463658378,0.1050000000000001,0.0,,,,,,,,,,,,0,
26,58,luxury,-6036924.048587502,30.0,2194726.37966319,0.0,0.0,19.0,0.0,,,242.0,0.0,6036924.048587502,0.1050000000000001,0.0,,,,,,,,,,,,0,
27,58,luxury,-6780115.378317996,30.0,2194726.37966319,0.0,0.0,20.0,0.0,,,242.0,0.0,6780115.378317996,0.1050000000000001,0.0,,,,,,,,,,,,0,
28,58,luxury,-7526790.383661973,30.0,2194726.37966319,0.0,0.0,21.0,0.0,,,242.0,0.0,7526790.383661973,0.1050000000000001,0.0,,,,,,,,,,,,0,
29,58,luxury,-8593820.215774281,30.0,2194726.37966319,0.0,0.0,22.0,0.0,,,242.0,0.0,8593820.215774281,0.1050000000000001,0.0,,,,,,,,,,,,0,
30,58,luxury,-9274170.735994611,30.0,2194726.37966319,0.0,0.0,23.0,0.0,,,242.0,0.0,9274170.735994611,0.1050000000000001,0.0,,,,,,,,,,,,0,
31,58,luxury,-9748296.814604457,30.0,2194726.37966319,0.0,0.0,24.0,0.0,,,242.0,0.0,9748296.814604457,0.1050000000000001,0.0,,,,,,,,,,,,0,
32,58,luxury,-10445103.22927859,30.0,2194726.37966319,0.0,0.0,25.0,0.0,,,242.0,0.0,10445103.22927859,0.1050000000000001,0.0,,,,,,,,,,,,0,
33,58,luxury,-11615026.187262116,30.0,2194726.37966319,0.0,0.0,26.0,0.0,,,242.0,0.0,11615026.187262116,0.1050000000000001,0.0,,,,,,,,,,,,0,
34,58,luxury,-12340190.1552779,30.0,2194726.37966319,0.0,0.0,27.0,0.0,,,242.0,0.0,12340190.1552779,0.1050000000000001,0.0,,,,,,,,,,,,0,
35,58,luxury,-12827503.02624599,30.0,2194726.37966319,0.0,0.0,28.0,0.0,,,242.0,0.0,12827503.02624599,0.1050000000000001,0.0,,,,,,,,,,,,0,
36,58,luxury,-13501893.772994094,30.0,2194726.37966319,0.0,0.0,29.0,0.0,,,242.0,0.0,13501893.772994094,0.1050000000000001,0.0,,,,,,,,,,,,0,
37,58,luxury,-14598328.614341004,30.0,2194726.37966319,0.0,0.0,30.0,0.0,,,242.0,0.0,14598328.614341004,0.1050000000000001,0.0,,,,,,,,,,,,0,
38,58,luxury,-15275442.614878813,30.0,2194726.37966319,0.0,0.0,31.0,0.0,,,242.0,0.0,15275442.614878813,0.1050000000000001,0.0,,,,,,,,,,,,0,
39,58,luxury,-15984669.558427336,30.0,2194726.37966319,0.0,0.0,32.0,0.0,,,242.0,0.0,15984669.558427336,0.1050000000000001,0.0,,,,,,,,,,,,0,
40,58,luxury,-17161668.133207202,30.0,2194726.37966319,0.0,0.0,33.0,0.0,,,242.0,0.0,17161668.133207202,0.1050000000000001,0.0,,,,,,,,,,,,0,
12,12,necessity,88477.73932809813,6778.0,679.2759456807088,14656.24201443292,0.0,60.0,848.0,,,5914.0,864718.2788515423,776240.5395234441,0.35,0.0,,,,,,,,,,,,0,
13,12,necessity,-430322.58374214475,5930.0,679.2759456807088,9600.433365620684,0.0,59.0,677.0,,,5914.0,576026.0019372411,1006348.5856793858,0.35,0.0,,,,,,,,,,,,0,
14,12,necessity,-316370.7242976043,5253.0,679.2759456807088,7794.40364789559,0.0,58.0,1357.0,,,5914.0,459869.81522583985,776240.5395234441,0.35,0.0,,,,,,,,,,,,0,
15,12,necessity,406046.879402132,3896.0,679.2759456807088,15892.714798081412,0.0,59.0,1400.0,,,5914.0,921777.4582887219,515730.57888658985,0.35,0.0,,,,,,,,,,,,0,
16,12,necessity,207305.57849636686,2496.0,679.2759456807088,16118.412270389701,0.0,60.0,636.0,,,5914.0,950986.3239529923,743680.7454566255,0.35,0.0,,,,,,,,,,,,0,
17,12,necessity,-559667.974879306,1860.0,679.2759456807088,7200.325024215514,0.0,59.0,849.0,,,5914.0,432019.5014529308,991687.4763322368,0.35,0.0,,,,,,,,,,,,0,
23,12,necessity,-707136.60410212,579.0,8536.632396042507,13768.76192910082,0.0,61.0,84.0,,,5914.0,853663.2396042508,1560799.8437063708,0.35,0.0,,,,,,,,,,,,0,
24,12,necessity,-454140.7800796821,495.0,8536.632396042507,11755.362643730667,0.0,60.0,88.0,,,5914.0,717077.1212675706,1171217.9013472528,0.35,0.0,,,,,,,,,,,,0,
25,12,necessity,-189055.1064434608,407.0,8536.632396042507,12520.394180862344,0.0,61.0,110.0,,,5914.0,751223.6508517406,940278.7572952014,0.35,0.0,,,,,,,,,,,,0,
26,12,necessity,-250052.05673633202,297.0,8536.632396042507,15393.927271552062,0.0,62.0,118.0,,,5914.0,939029.5635646757,1189081.6203010078,0.35,0.0,,,,,,,,,,,,0,
27,12,necessity,-581837.1844809614,179.0,8536.632396042507,16247.139076338965,0.0,63.0,126.0,,,5914.0,1007322.6227330158,1589159.8072139772,0.35,0.0,,,,,,,,,,,,0,
33,12,necessity,-141251.48873513006,78.0,86161.77518480738,19455.884719150054,0.0,63.0,11.0,,,5914.0,1206264.8525873034,1347516.3413224334,0.35,0.0,,,,,,,,,,,,0,
34,12,necessity,-797923.9349641915,67.0,86161.77518480738,15044.1194767124,0.0,62.0,12.0,,,5914.0,947779.5270328812,1745703.4619970727,0.35,0.0,,,,,,,,,,,,0,
35,12,necessity,-313575.0391047448,55.0,86161.77518480738,16676.472616414332,0.0,63.0,10.0,,,5914.0,1033941.3022176886,1347516.3413224334,0.35,0.0,,,,,,,,,,,,0,
36,12,necessity,-865889.7114838903,45.0,86161.77518480738,13676.472251556726,0.0,62.0,10.0,,,5914.0,861617.7518480738,1727507.463331964,0.35,0.0,,,,,,,,,,,,0,
37,12,necessity,-485898.58947435964,35.0,86161.77518480738,13897.060513678609,0.0,63.0,12.0,,,5914.0,861617.7518480738,1347516.3413224334,0.35,0.0,,,,,,,,,,,,0,
38,12,necessity,-691221.5041877958,23.0,86161.77518480738,16411.766701868073,0.0,64.0,12.0,,,5914.0,1033941.3022176886,1725162.8064054844,0.35,0.0,,,,,,,,,,,,0,
