data/saved_data/run_2025_05_06_1854_new_production_level/firm_data.csv
Step,AgentID,FirmType,Profit,Inventory,ProductPrice,RevenuePerEmployee,ProductionLevel,NumEmployees,DemandReceived,InventoryDemandRatio,SellThroughRate,ProductionCapacity,Revenue,Costs,Markup,ProducedUnits,IncomeBracket,NumPeople,SpendRatio,PostTaxIncome,HouseholdExpense,HouseholdSavings,HealthLevel,Welfare,SkillLevel,SkillType,JobLevel,IsEmployed,Wage
14,35,necessity,563227.0186492282,4364.0,53.60266639995807,23977.001403661627,1.0,29.0,30926.0,,,3931.0,719310.0421098488,156083.0234606206,0.35,3931.0,,,,,,,,,,,,0,
15,35,necessity,-1201607.6981863333,0.0,565.3590564740579,15332.210958194903,1.0,28.0,1581.0,,,3931.0,444634.1177876522,1646241.8159739855,0.35,3931.0,,,,,,,,,,,,0,
16,35,necessity,-696081.1476885,2350.0,546.0146657387093,31922.595295910196,1.0,29.0,1001.0,,,3931.0,893832.6682854855,1589913.8159739855,0.35,3931.0,,,,,,,,,,,,0,
17,35,necessity,387181.65004650794,5280.0,54.73459448702225,18846.92001394648,1.0,28.0,29902.0,,,3931.0,546560.680404448,159379.03035794004,0.35,3931.0,,,,,,,,,,,,0,
18,35,necessity,-1085753.4661540235,0.0,546.0146657387093,18005.726779284356,1.0,27.0,369.0,,,3931.0,504160.34981996194,1589913.8159739855,0.35,3931.0,,,,,,,,,,,,0,
19,35,necessity,-1332106.4043164018,3562.0,526.6702750033605,7462.2004317623605,1.0,26.0,929.0,,,3931.0,201479.41165758373,1533585.8159739855,0.35,3931.0,,,,,,,,,,,,0,
20,35,necessity,-987981.1304958635,6564.0,507.3258842680119,18818.334056850843,1.0,27.0,1757.0,,,3931.0,489276.6854781219,1477257.8159739855,0.35,3931.0,,,,,,,,,,,,0,
23,35,necessity,57107.6779403229,0.0,56.03471692079122,8158.239711690011,1.0,26.0,31772.0,,,3931.0,220272.4722156303,163164.7942753074,0.35,3931.0,,,,,,,,,,,,0,
24,35,necessity,-1256985.3437583551,0.0,507.3258842680119,8472.018162139626,1.0,27.0,1585.0,,,3931.0,220272.4722156303,1477257.8159739855,0.35,3931.0,,,,,,,,,,,,0,
25,35,necessity,628022.1475809931,2346.0,60.47333034028606,29781.90839128885,1.0,28.0,13843.0,,,3931.0,804111.5265647989,176089.37898380577,0.35,3931.0,,,,,,,,,,,,0,
26,35,necessity,-21116.719581101323,0.0,137.61270641921678,13556.824805213415,1.0,27.0,3355.0,,,3931.0,379591.0945459756,400707.81412707694,0.35,3931.0,,,,,,,,,,,,0,
27,35,necessity,285601.2510526665,576.0,60.47333034028606,17099.652964313787,1.0,28.0,10979.0,,,3931.0,461690.6300364723,176089.37898380577,0.35,3931.0,,,,,,,,,,,,0,
28,35,necessity,-114790.19237416016,0.0,133.02307666269314,9734.046422988189,1.0,27.0,4991.0,,,3931.0,272553.2998436693,387343.49221782945,0.35,3931.0,,,,,,,,,,,,0,
29,35,necessity,346824.33537724096,0.0,60.47333034028606,19367.174605964694,1.0,28.0,27207.0,,,3931.0,522913.71436104673,176089.37898380577,0.35,3931.0,,,,,,,,,,,,0,
30,35,necessity,-159267.67727263135,0.0,136.33534909642944,8490.023627416589,1.0,27.0,4894.0,,,3931.0,237720.6615676645,396988.33884029585,0.35,3931.0,,,,,,,,,,,,0,
31,35,necessity,359844.8783142583,0.0,60.47333034028606,19849.416936965335,1.0,28.0,23867.0,,,3931.0,535934.2572980641,176089.37898380577,0.35,3931.0,,,,,,,,,,,,0,
32,35,necessity,-158354.41684828632,0.0,136.02171348906435,8490.023627416589,1.0,27.0,4667.0,,,3931.0,237720.6615676645,396075.0784159508,0.35,3931.0,,,,,,,,,,,,0,
33,35,necessity,358611.97674170625,0.0,60.47333034028606,19803.753915759706,1.0,28.0,21480.0,,,3931.0,534701.355725512,176089.37898380577,0.35,3931.0,,,,,,,,,,,,0,
34,35,necessity,-151571.55383102773,0.0,133.69231509909497,8490.023627416589,1.0,27.0,9490.0,,,3931.0,237720.6615676645,389292.21539869223,0.35,3931.0,,,,,,,,,,,,0,
35,35,necessity,349455.1116707366,0.0,60.47333034028606,19464.61076498305,1.0,28.0,16844.0,,,3931.0,525544.4906545423,176089.37898380577,0.35,3931.0,,,,,,,,,,,,0,
36,35,necessity,-177717.76309048248,0.0,142.6715525682592,8490.023627416589,1.0,27.0,8695.0,,,3931.0,237720.6615676645,415438.424658147,0.35,3931.0,,,,,,,,,,,,0,
37,35,necessity,384752.4941620211,0.0,60.47333034028606,20771.921227623217,1.0,28.0,20522.0,,,3931.0,560841.8731458269,176089.37898380577,0.35,3931.0,,,,,,,,,,,,0,
38,35,necessity,-202113.84362030492,0.0,151.0497537147568,8490.023627416589,1.0,27.0,6112.0,,,3931.0,237720.6615676645,439834.5051879694,0.35,3931.0,,,,,,,,,,,,0,
39,35,necessity,417687.2028689032,0.0,60.47333034028606,21991.725253804034,1.0,28.0,22435.0,,,3931.0,593776.581852709,176089.37898380577,0.35,3931.0,,,,,,,,,,,,0,
40,35,necessity,-143002.2944336233,0.0,130.74942520249024,8490.023627416589,1.0,27.0,8829.0,,,3931.0,237720.6615676645,380722.9560012878,0.35,3931.0,,,,,,,,,,,,0,
17,30,necessity,-339321.44593608216,3313.0,1861.2707771633966,11167.624662980379,0.0,53.0,509.0,,,5607.0,603051.7318009405,942373.1777370226,0.35,0.0,,,,,,,,,,,,0,
18,30,necessity,225826.6603262017,2804.0,1861.2707771633966,17875.223124078657,0.0,54.0,200.0,,,5607.0,947386.8255761688,721560.1652499671,0.35,0.0,,,,,,,,,,,,0,
19,30,necessity,-576225.7478452232,2604.0,1861.2707771633966,6893.595470975543,0.0,53.0,108.0,,,5607.0,372254.15543267934,948479.9032779025,0.35,0.0,,,,,,,,,,,,0,
20,30,necessity,-525398.6130886975,2496.0,1861.2707771633966,3792.7781874272987,0.0,52.0,232.0,,,5607.0,201017.24393364682,726415.8570223444,0.35,0.0,,,,,,,,,,,,0,
21,30,necessity,-67681.29869250098,2264.0,1861.2707771633966,8304.131159652077,0.0,53.0,652.0,,,5607.0,431814.820301908,499496.118994409,0.35,0.0,,,,,,,,,,,,0,
22,30,necessity,482551.1546234783,1612.0,1861.2707771633966,22897.142390764802,0.0,54.0,339.0,,,5607.0,1213548.5467105345,730997.3920870562,0.35,0.0,,,,,,,,,,,,0,
23,30,necessity,-327071.90559521934,1273.0,1861.2707771633966,11684.644323303546,0.0,53.0,509.0,,,5607.0,630970.7934583914,958042.6990536108,0.35,0.0,,,,,,,,,,,,0,
24,30,necessity,216389.43348911265,764.0,1861.2707771633966,17875.223124078657,0.0,54.0,263.0,,,5607.0,947386.8255761688,730997.3920870562,0.35,0.0,,,,,,,,,,,,0,
25,30,necessity,-483921.8542635631,501.0,1861.2707771633966,9065.078044332839,0.0,53.0,262.0,,,5607.0,489514.2143939733,973436.0686575364,0.35,0.0,,,,,,,,,,,,0,
31,30,necessity,-1523045.1473791392,250.0,396281.7176989803,0.0,0.0,55.0,0.0,,,5607.0,0.0,1523045.1473791392,0.35,0.0,,,,,,,,,,,,0,
32,30,necessity,-1174161.489628405,250.0,396281.7176989803,0.0,0.0,56.0,0.0,,,5607.0,0.0,1174161.489628405,0.35,0.0,,,,,,,,,,,,0,
33,30,necessity,-1539156.8540794828,250.0,396281.7176989803,0.0,0.0,57.0,0.0,,,5607.0,0.0,1539156.8540794828,0.35,0.0,,,,,,,,,,,,0,
34,30,necessity,-1687009.4292948255,250.0,396281.7176989803,0.0,0.0,58.0,0.0,,,5607.0,0.0,1687009.4292948255,0.35,0.0,,,,,,,,,,,,0,
35,30,necessity,-1883100.288331727,250.0,396281.7176989803,0.0,0.0,59.0,0.0,,,5607.0,0.0,1883100.288331727,0.35,0.0,,,,,,,,,,,,0,
36,30,necessity,-2034534.686829754,250.0,396281.7176989803,0.0,0.0,60.0,0.0,,,5607.0,0.0,2034534.686829754,0.35,0.0,,,,,,,,,,,,0,
37,30,necessity,-2171180.8355362546,250.0,396281.7176989803,0.0,0.0,61.0,0.0,,,5607.0,0.0,2171180.8355362546,0.35,0.0,,,,,,,,,,,,0,
38,30,necessity,-2367488.338643835,250.0,396281.7176989803,0.0,0.0,62.0,0.0,,,5607.0,0.0,2367488.338643835,0.35,0.0,,,,,,,,,,,,0,
39,30,necessity,-2502325.9764710623,250.0,396281.7176989803,0.0,0.0,63.0,0.0,,,5607.0,0.0,2502325.9764710623,0.35,0.0,,,,,,,,,,,,0,
40,30,necessity,-2767166.49153887,250.0,396281.7176989803,0.0,0.0,64.0,0.0,,,5607.0,0.0,2767166.49153887,0.35,0.0,,,,,,,,,,,,0,
41,30,necessity,-3095204.8796595056,250.0,396281.7176989803,0.0,0.0,65.0,0.0,,,5607.0,0.0,3095204.8796595056,0.35,0.0,,,,,,,,,,,,0,
19,22,necessity,640022.7174911841,0.0,79.89988487253046,18225.043202912206,1.0,47.0,31343.0,,,3351.0,838351.9873339615,198329.26984277734,0.35,3351.0,,,,,,,,,,,,0,
20,22,necessity,-139031.31984201085,0.0,163.87567168112085,5696.691791656373,1.0,46.0,3345.0,,,3351.0,267744.51420784957,406775.8340498604,0.35,3351.0,,,,,,,,,,,,0,
21,22,necessity,349834.8519305719,6.0,79.89988487253046,11916.611342898896,1.0,47.0,7223.0,,,3351.0,548164.1217733492,198329.26984277734,0.35,3351.0,,,,,,,,,,,,0,
22,22,necessity,-183736.65975859598,0.0,182.0790133512653,5706.891776959251,1.0,46.0,3644.0,,,3351.0,268223.9135170848,451960.57327568077,0.35,3351.0,,,,,,,,,,,,0,
23,22,necessity,411817.50389731274,0.0,79.89988487253046,13264.06029869761,1.0,47.0,8307.0,,,3351.0,610146.7737400901,198329.26984277734,0.35,3351.0,,,,,,,,,,,,0,
24,22,necessity,-146169.25498508674,0.0,166.75129461167197,5696.691791656373,1.0,46.0,3806.0,,,3351.0,267744.51420784957,413913.7691929363,0.35,3351.0,,,,,,,,,,,,0,
25,22,necessity,360454.31840093544,0.0,79.89988487253046,12147.46930964593,1.0,47.0,10115.0,,,3351.0,558783.5882437128,198329.26984277734,0.35,3351.0,,,,,,,,,,,,0,
26,22,necessity,-149750.31238704245,0.0,168.19397664425853,5696.691791656373,1.0,46.0,4976.0,,,3351.0,267744.51420784957,417494.826594892,0.35,3351.0,,,,,,,,,,,,0,
27,22,necessity,365288.7458921329,0.0,79.89988487253046,12252.565559454571,1.0,47.0,12281.0,,,3351.0,563618.0157349103,198329.26984277734,0.35,3351.0,,,,,,,,,,,,0,
28,22,necessity,-163130.08751752804,0.0,173.584217295039,5696.691791656373,1.0,46.0,4655.0,,,3351.0,267744.51420784957,430874.6017253776,0.35,3351.0,,,,,,,,,,,,0,
29,22,necessity,383351.4423128983,0.0,79.89988487253046,12645.232872949471,1.0,47.0,12281.0,,,3351.0,581680.7121556756,198329.26984277734,0.35,3351.0,,,,,,,,,,,,0,
30,22,necessity,-134799.30834687577,0.0,162.1707431473317,5696.691791656373,1.0,46.0,4806.0,,,3351.0,267744.51420784957,402543.82255472534,0.35,3351.0,,,,,,,,,,,,0,
31,22,necessity,345104.89044393116,0.0,79.89988487253046,11813.786093189316,1.0,47.0,10475.0,,,3351.0,543434.1602867085,198329.26984277734,0.35,3351.0,,,,,,,,,,,,0,
32,22,necessity,-156212.12822081463,0.0,170.79721489343464,5696.691791656373,1.0,46.0,5239.0,,,3351.0,267744.51420784957,423956.6424286642,0.35,3351.0,,,,,,,,,,,,0,
33,22,necessity,374012.19726512214,0.0,79.89988487253046,12442.205806693468,1.0,47.0,14810.0,,,3351.0,572341.4671078995,198329.26984277734,0.35,3351.0,,,,,,,,,,,,0,
34,22,necessity,-132129.0761012325,0.0,161.0950005240722,5696.691791656373,1.0,46.0,10746.0,,,3351.0,267744.51420784957,399873.59030908206,0.35,3351.0,,,,,,,,,,,,0,
35,22,necessity,341500.0769133886,0.0,79.89988487253046,11735.420581655782,1.0,47.0,12127.0,,,3351.0,539829.346756166,198329.26984277734,0.35,3351.0,,,,,,,,,,,,0,
36,22,necessity,-150660.1680271041,0.0,168.56052546959924,5696.691791656373,1.0,46.0,7357.0,,,3351.0,267744.51420784957,418404.6822349537,0.35,3351.0,,,,,,,,,,,,0,
37,22,necessity,366517.0510058497,0.0,79.89988487253046,12279.26784453537,1.0,47.0,13259.0,,,3351.0,564846.320848627,198329.26984277734,0.35,3351.0,,,,,,,,,,,,0,
38,22,necessity,-134069.85918190645,0.0,161.87687374344787,5696.691791656373,1.0,46.0,4454.0,,,3351.0,267744.51420784957,401814.373389756,0.35,3351.0,,,,,,,,,,,,0,
39,22,necessity,344120.1340715165,0.0,79.89988487253046,11792.37834596291,1.0,47.0,9031.0,,,3351.0,542449.4039142939,198329.26984277734,0.35,3351.0,,,,,,,,,,,,0,
40,22,necessity,-170674.9981576457,0.0,176.6237963344658,5696.691791656373,1.0,46.0,8492.0,,,3351.0,267744.51420784957,438419.51236549526,0.35,3351.0,,,,,,,,,,,,0,
41,22,necessity,393537.0716740175,0.0,79.89988487253046,12866.659598191192,1.0,47.0,22757.0,,,3351.0,591866.3415167949,198329.26984277734,0.35,3351.0,,,,,,,,,,,,0,
26,50,luxury,466554.26605909737,0.0,8402.110781964528,80862.53962275207,1.0,18.0,409.0,,,205.0,1536388.2528322893,1069833.986773192,0.61,205.0,,,,,,,,,,,,0,
27,50,luxury,1273002.157131047,0.0,3694.099894635039,95690.70612792934,1.0,19.0,1776.0,,,205.0,1722432.7103027282,449430.55317168124,0.685,205.0,,,,,,,,,,,,0,
28,50,luxury,-347394.71734412445,0.0,9322.46526495213,39857.39360000964,1.0,18.0,566.0,,,205.0,757290.478400183,1104685.1957443075,0.7300000000000001,205.0,,,,,,,,,,,,0,
29,50,luxury,1461674.8261435055,0.0,3957.1811927692856,106172.52107306593,1.0,19.0,1801.0,,,205.0,1911105.3793151868,449430.55317168124,0.8050000000000002,205.0,,,,,,,,,,,,0,
30,50,luxury,-333479.78144715645,0.0,10330.236842462216,42695.90234303703,1.0,18.0,619.0,,,205.0,811222.1445177036,1144701.92596486,0.8500000000000002,205.0,,,,,,,,,,,,0,
31,50,luxury,1668267.999533073,0.0,4220.262490903532,117649.91959470857,1.0,19.0,1003.0,,,205.0,2117698.5527047543,449430.55317168124,0.9250000000000003,205.0,,,,,,,,,,,,0,
32,50,luxury,-196975.39552281972,0.0,10206.802565485581,45534.41108606443,1.0,18.0,599.0,,,205.0,865153.8106352241,1062129.2061580438,0.9700000000000003,205.0,,,,,,,,,,,,0,
33,50,luxury,1642963.9727528628,0.0,4439.4969060154035,116244.14032914134,1.0,19.0,825.0,,,205.0,2092394.525924544,449430.55317168124,1.0250000000000004,205.0,,,,,,,,,,,,0,
34,50,luxury,-187330.905175164,0.0,10974.277655550157,47899.83503858725,1.0,18.0,799.0,,,205.0,910096.8657331577,1097427.7709083217,1.0500000000000003,205.0,,,,,,,,,,,,0,
35,50,luxury,1800296.3662161008,0.0,4614.884438104901,124984.82885487677,1.0,19.0,2548.0,,,205.0,2249726.919387782,449430.55317168124,1.1050000000000002,205.0,,,,,,,,,,,,0,
36,50,luxury,-137406.8536226838,0.0,11389.523564932453,49792.174200605514,1.0,18.0,652.0,,,205.0,946051.3098115048,1083458.1634341886,1.1550000000000002,205.0,,,,,,,,,,,,0,
37,50,luxury,1885421.7776394715,0.0,4888.927456994741,129714.01837839738,1.0,19.0,1311.0,,,205.0,2334852.3308111527,449430.55317168124,1.2300000000000002,205.0,,,,,,,,,,,,0,
38,50,luxury,-127176.81963051949,0.0,12533.662414057035,52748.95414125905,1.0,18.0,451.0,,,205.0,1002230.1286839219,1129406.9483144414,1.2750000000000001,205.0,,,,,,,,,,,,0,
39,50,luxury,2119970.241710011,0.0,5152.008755128986,142744.48860453846,1.0,19.0,1312.0,,,205.0,2569400.794881692,449430.55317168124,1.35,205.0,,,,,,,,,,,,0,
40,50,luxury,-60027.3067233935,0.0,12931.459039951345,55587.46288428643,1.0,18.0,886.0,,,205.0,1056161.7948014422,1116189.1015248357,1.375,205.0,,,,,,,,,,,,0,
